Archive member included to satisfy reference by file (symbol)

c:/program files (x86)/atollic/truestudio for stm32 9.3.0/armtools/bin/../lib/gcc/arm-atollic-eabi/6.3.1/../../../../arm-atollic-eabi/lib/armv7-m\libc_nano.a(lib_a-init.o)
                              src\startup_stm32f10x_cl.o (__libc_init_array)
c:/program files (x86)/atollic/truestudio for stm32 9.3.0/armtools/bin/../lib/gcc/arm-atollic-eabi/6.3.1/../../../../arm-atollic-eabi/lib/armv7-m\libc_nano.a(lib_a-sprintf.o)
                              src\klever_src\lcd_menu\menu_callback.o (sprintf)
c:/program files (x86)/atollic/truestudio for stm32 9.3.0/armtools/bin/../lib/gcc/arm-atollic-eabi/6.3.1/../../../../arm-atollic-eabi/lib/armv7-m\libc_nano.a(lib_a-strcpy.o)
                              src\klever_src\lcd_menu\menu_callback.o (strcpy)
c:/program files (x86)/atollic/truestudio for stm32 9.3.0/armtools/bin/../lib/gcc/arm-atollic-eabi/6.3.1/../../../../arm-atollic-eabi/lib/armv7-m\libc_nano.a(lib_a-impure.o)
                              c:/program files (x86)/atollic/truestudio for stm32 9.3.0/armtools/bin/../lib/gcc/arm-atollic-eabi/6.3.1/../../../../arm-atollic-eabi/lib/armv7-m\libc_nano.a(lib_a-sprintf.o) (_impure_ptr)
c:/program files (x86)/atollic/truestudio for stm32 9.3.0/armtools/bin/../lib/gcc/arm-atollic-eabi/6.3.1/../../../../arm-atollic-eabi/lib/armv7-m\libc_nano.a(lib_a-nano-svfprintf.o)
                              c:/program files (x86)/atollic/truestudio for stm32 9.3.0/armtools/bin/../lib/gcc/arm-atollic-eabi/6.3.1/../../../../arm-atollic-eabi/lib/armv7-m\libc_nano.a(lib_a-sprintf.o) (_svfprintf_r)
c:/program files (x86)/atollic/truestudio for stm32 9.3.0/armtools/bin/../lib/gcc/arm-atollic-eabi/6.3.1/../../../../arm-atollic-eabi/lib/armv7-m\libc_nano.a(lib_a-nano-vfprintf_i.o)
                              c:/program files (x86)/atollic/truestudio for stm32 9.3.0/armtools/bin/../lib/gcc/arm-atollic-eabi/6.3.1/../../../../arm-atollic-eabi/lib/armv7-m\libc_nano.a(lib_a-nano-svfprintf.o) (_printf_i)
c:/program files (x86)/atollic/truestudio for stm32 9.3.0/armtools/bin/../lib/gcc/arm-atollic-eabi/6.3.1/../../../../arm-atollic-eabi/lib/armv7-m\libc_nano.a(lib_a-memchr-stub.o)
                              c:/program files (x86)/atollic/truestudio for stm32 9.3.0/armtools/bin/../lib/gcc/arm-atollic-eabi/6.3.1/../../../../arm-atollic-eabi/lib/armv7-m\libc_nano.a(lib_a-nano-svfprintf.o) (memchr)
c:/program files (x86)/atollic/truestudio for stm32 9.3.0/armtools/bin/../lib/gcc/arm-atollic-eabi/6.3.1/../../../../arm-atollic-eabi/lib/armv7-m\libc_nano.a(lib_a-memcpy-stub.o)
                              c:/program files (x86)/atollic/truestudio for stm32 9.3.0/armtools/bin/../lib/gcc/arm-atollic-eabi/6.3.1/../../../../arm-atollic-eabi/lib/armv7-m\libc_nano.a(lib_a-nano-svfprintf.o) (memcpy)
c:/program files (x86)/atollic/truestudio for stm32 9.3.0/armtools/bin/../lib/gcc/arm-atollic-eabi/6.3.1/../../../../arm-atollic-eabi/lib/armv7-m\libc_nano.a(lib_a-memmove.o)
                              c:/program files (x86)/atollic/truestudio for stm32 9.3.0/armtools/bin/../lib/gcc/arm-atollic-eabi/6.3.1/../../../../arm-atollic-eabi/lib/armv7-m\libc_nano.a(lib_a-nano-svfprintf.o) (memmove)
c:/program files (x86)/atollic/truestudio for stm32 9.3.0/armtools/bin/../lib/gcc/arm-atollic-eabi/6.3.1/../../../../arm-atollic-eabi/lib/armv7-m\libc_nano.a(lib_a-nano-freer.o)
                              c:/program files (x86)/atollic/truestudio for stm32 9.3.0/armtools/bin/../lib/gcc/arm-atollic-eabi/6.3.1/../../../../arm-atollic-eabi/lib/armv7-m\libc_nano.a(lib_a-nano-svfprintf.o) (_free_r)
c:/program files (x86)/atollic/truestudio for stm32 9.3.0/armtools/bin/../lib/gcc/arm-atollic-eabi/6.3.1/../../../../arm-atollic-eabi/lib/armv7-m\libc_nano.a(lib_a-nano-mallocr.o)
                              c:/program files (x86)/atollic/truestudio for stm32 9.3.0/armtools/bin/../lib/gcc/arm-atollic-eabi/6.3.1/../../../../arm-atollic-eabi/lib/armv7-m\libc_nano.a(lib_a-nano-svfprintf.o) (_malloc_r)
c:/program files (x86)/atollic/truestudio for stm32 9.3.0/armtools/bin/../lib/gcc/arm-atollic-eabi/6.3.1/../../../../arm-atollic-eabi/lib/armv7-m\libc_nano.a(lib_a-nano-reallocr.o)
                              c:/program files (x86)/atollic/truestudio for stm32 9.3.0/armtools/bin/../lib/gcc/arm-atollic-eabi/6.3.1/../../../../arm-atollic-eabi/lib/armv7-m\libc_nano.a(lib_a-nano-svfprintf.o) (_realloc_r)
c:/program files (x86)/atollic/truestudio for stm32 9.3.0/armtools/bin/../lib/gcc/arm-atollic-eabi/6.3.1/../../../../arm-atollic-eabi/lib/armv7-m\libc_nano.a(lib_a-sbrkr.o)
                              c:/program files (x86)/atollic/truestudio for stm32 9.3.0/armtools/bin/../lib/gcc/arm-atollic-eabi/6.3.1/../../../../arm-atollic-eabi/lib/armv7-m\libc_nano.a(lib_a-nano-mallocr.o) (_sbrk_r)
c:/program files (x86)/atollic/truestudio for stm32 9.3.0/armtools/bin/../lib/gcc/arm-atollic-eabi/6.3.1/../../../../arm-atollic-eabi/lib/armv7-m\libc_nano.a(lib_a-mlock.o)
[...]
Memory Configuration

Name             Origin             Length             Attributes
FLASH            0x08000000         0x00010000         xr
RAM              0x20000000         0x00010000         xrw
MEMORY_B1        0x60000000         0x00000000         xr
*default*        0x00000000         0xffffffff

Linker script and memory map

LOAD c:/program files (x86)/atollic/truestudio for stm32 9.3.0/armtools/bin/../lib/gcc/arm-atollic-eabi/6.3.1/armv7-m/crti.o
LOAD c:/program files (x86)/atollic/truestudio for stm32 9.3.0/armtools/bin/../lib/gcc/arm-atollic-eabi/6.3.1/armv7-m/crtbegin.o
LOAD src\klever_src\ADC.o
LOAD src\klever_src\GLCD.o
LOAD src\klever_src\GPIO.o
LOAD src\klever_src\I2C.o
LOAD src\klever_src\K_RCC\K_RCC.o
LOAD src\klever_src\MEM.o
LOAD src\klever_src\PWM.o
LOAD src\klever_src\RTC.o
LOAD src\klever_src\TIM.o
LOAD src\klever_src\lcd_menu\Keyboard.o
LOAD src\klever_src\lcd_menu\menu_callback.o
LOAD src\klever_src\lcd_menu\menu_init.o
LOAD src\klever_src\lcd_menu\screen.o
LOAD src\klever_src\log.o
LOAD src\klever_src\main_sm.o
LOAD src\klever_src\modbus.o
LOAD src\klever_src\pid.o
LOAD src\klever_src\usart.o
LOAD src\main.o
LOAD src\startup_stm32f10x_cl.o
LOAD src\system_stm32f10x.o
                0x00000080                malloc_getpagesize_P = 0x80
START GROUP
LOAD c:/program files (x86)/atollic/truestudio for stm32 9.3.0/armtools/bin/../lib/gcc/arm-atollic-eabi/6.3.1/../../../../arm-atollic-eabi/lib/armv7-m\libc_nano.a
LOAD c:/program files (x86)/atollic/truestudio for stm32 9.3.0/armtools/bin/../lib/gcc/arm-atollic-eabi/6.3.1/../../../../arm-atollic-eabi/lib/armv7-m\libm.a
END GROUP
START GROUP
LOAD c:/program files (x86)/atollic/truestudio for stm32 9.3.0/armtools/bin/../lib/gcc/arm-atollic-eabi/6.3.1/armv7-m\libgcc.a
LOAD c:/program files (x86)/atollic/truestudio for stm32 9.3.0/armtools/bin/../lib/gcc/arm-atollic-eabi/6.3.1/../../../../arm-atollic-eabi/lib/armv7-m\libc_nano.a
END GROUP
START GROUP
LOAD c:/program files (x86)/atollic/truestudio for stm32 9.3.0/armtools/bin/../lib/gcc/arm-atollic-eabi/6.3.1/armv7-m\libgcc.a
LOAD c:/program files (x86)/atollic/truestudio for stm32 9.3.0/armtools/bin/../lib/gcc/arm-atollic-eabi/6.3.1/../../../../arm-atollic-eabi/lib/armv7-m\libc_nano.a
LOAD c:/program files (x86)/atollic/truestudio for stm32 9.3.0/armtools/bin/../lib/gcc/arm-atollic-eabi/6.3.1/../../../../arm-atollic-eabi/lib/armv7-m\libnosys.a
END GROUP
START GROUP
LOAD c:/program files (x86)/atollic/truestudio for stm32 9.3.0/armtools/bin/../lib/gcc/arm-atollic-eabi/6.3.1/armv7-m\libgcc.a
LOAD c:/program files (x86)/atollic/truestudio for stm32 9.3.0/armtools/bin/../lib/gcc/arm-atollic-eabi/6.3.1/../../../../arm-atollic-eabi/lib/armv7-m\libc_nano.a
LOAD c:/program files (x86)/atollic/truestudio for stm32 9.3.0/armtools/bin/../lib/gcc/arm-atollic-eabi/6.3.1/../../../../arm-atollic-eabi/lib/armv7-m\libnosys.a
END GROUP
LOAD c:/program files (x86)/atollic/truestudio for stm32 9.3.0/armtools/bin/../lib/gcc/arm-atollic-eabi/6.3.1/armv7-m/crtend.o
LOAD c:/program files (x86)/atollic/truestudio for stm32 9.3.0/armtools/bin/../lib/gcc/arm-atollic-eabi/6.3.1/armv7-m/crtn.o
                0x20010000                _estack = 0x20010000
                0x00000000                _Min_Heap_Size = 0x0
                0x00000200                _Min_Stack_Size = 0x200

.isr_vector     0x08000000      0x1e4
                0x08000000                . = ALIGN (0x4)
 *(.isr_vector)
 .isr_vector    0x08000000      0x1e4 src\startup_stm32f10x_cl.o
                0x08000000                g_pfnVectors
                0x080001e4                . = ALIGN (0x4)

.text           0x080001e8     0x81ec
                0x080001e8                . = ALIGN (0x4)
 *(.text)
 .text          0x080001e8       0x40 c:/program files (x86)/atollic/truestudio for stm32 9.3.0/armtools/bin/../lib/gcc/arm-atollic-eabi/6.3.1/armv7-m/crtbegin.o
 .text          0x08000228      0x370 c:/program files (x86)/atollic/truestudio for stm32 9.3.0/armtools/bin/../lib/gcc/arm-atollic-eabi/6.3.1/armv7-m\libgcc.a(_arm_addsubdf3.o)
                0x08000228                __aeabi_drsub
                0x08000230                __aeabi_dsub
                0x08000230                __subdf3
                0x08000234                __aeabi_dadd
                0x08000234                __adddf3
                0x080004ac                __floatunsidf
                0x080004ac                __aeabi_ui2d
                0x080004cc                __floatsidf
                0x080004cc                __aeabi_i2d
                0x080004f0                __aeabi_f2d
                0x080004f0                __extendsfdf2
                0x0800052c                __floatundidf
                0x0800052c                __aeabi_ul2d
                0x0800053c                __floatdidf
                0x0800053c                __aeabi_l2d
 .text          0x08000598      0x424 c:/program files (x86)/atollic/truestudio for stm32 9.3.0/armtools/bin/../lib/gcc/arm-atollic-eabi/6.3.1/armv7-m\libgcc.a(_arm_muldivdf3.o)
                0x08000598                __aeabi_dmul
                0x08000598                __muldf3
                0x080007ec                __divdf3
                0x080007ec                __aeabi_ddiv
 .text          0x080009bc       0xa0 c:/program files (x86)/atollic/truestudio for stm32 9.3.0/armtools/bin/../lib/gcc/arm-atollic-eabi/6.3.1/armv7-m\libgcc.a(_arm_truncdfsf2.o)
                0x080009bc                __truncdfsf2
                0x080009bc                __aeabi_d2f
 .text          0x08000a5c      0x21c c:/program files (x86)/atollic/truestudio for stm32 9.3.0/armtools/bin/../lib/gcc/arm-atollic-eabi/6.3.1/armv7-m\libgcc.a(_arm_addsubsf3.o)
                0x08000a5c                __aeabi_frsub
                0x08000a64                __subsf3
                0x08000a64                __aeabi_fsub
                0x08000a68                __aeabi_fadd
                0x08000a68                __addsf3
                0x08000bc8                __aeabi_ui2f
                0x08000bc8                __floatunsisf
                0x08000bd0                __aeabi_i2f
                0x08000bd0                __floatsisf
                0x08000bec                __aeabi_ul2f
                0x08000bec                __floatundisf
                0x08000bfc                __aeabi_l2f
                0x08000bfc                __floatdisf
 .text          0x08000c78      0x2a0 c:/program files (x86)/atollic/truestudio for stm32 9.3.0/armtools/bin/../lib/gcc/arm-atollic-eabi/6.3.1/armv7-m\libgcc.a(_arm_muldivsf3.o)
                0x08000c78                __mulsf3
                0x08000c78                __aeabi_fmul
                0x08000de0                __aeabi_fdiv
                0x08000de0                __divsf3
 .text          0x08000f18       0xec c:/program files (x86)/atollic/truestudio for stm32 9.3.0/armtools/bin/../lib/gcc/arm-atollic-eabi/6.3.1/armv7-m\libgcc.a(_arm_cmpsf2.o)
                0x08000f18                __gesf2
                0x08000f18                __gtsf2
                0x08000f20                __lesf2
                0x08000f20                __ltsf2
                0x08000f28                __nesf2
                0x08000f28                __eqsf2
                0x08000f28                __cmpsf2
                0x08000f88                __aeabi_cfrcmple
                0x08000f90                __aeabi_cfcmpeq
                0x08000f90                __aeabi_cfcmple
                0x08000fa0                __aeabi_fcmpeq
                0x08000fb4                __aeabi_fcmplt
                0x08000fc8                __aeabi_fcmple
                0x08000fdc                __aeabi_fcmpge
                0x08000ff0                __aeabi_fcmpgt
 .text          0x08001004       0x4c c:/program files (x86)/atollic/truestudio for stm32 9.3.0/armtools/bin/../lib/gcc/arm-atollic-eabi/6.3.1/armv7-m\libgcc.a(_arm_fixsfsi.o)
                0x08001004                __aeabi_f2iz
                0x08001004                __fixsfsi
 .text          0x08001050       0x30 c:/program files (x86)/atollic/truestudio for stm32 9.3.0/armtools/bin/../lib/gcc/arm-atollic-eabi/6.3.1/armv7-m\libgcc.a(_aeabi_uldivmod.o)
                0x08001050                __aeabi_uldivmod
 .text          0x08001080      0x2dc c:/program files (x86)/atollic/truestudio for stm32 9.3.0/armtools/bin/../lib/gcc/arm-atollic-eabi/6.3.1/armv7-m\libgcc.a(_udivmoddi4.o)
                0x08001080                __udivmoddi4
 .text          0x0800135c        0x4 c:/program files (x86)/atollic/truestudio for stm32 9.3.0/armtools/bin/../lib/gcc/arm-atollic-eabi/6.3.1/armv7-m\libgcc.a(_dvmd_tls.o)
                0x0800135c                __aeabi_idiv0
                0x0800135c                __aeabi_ldiv0
 *(.text*)
 .text.ADC_Init
                0x08001360      0x108 src\klever_src\ADC.o
                0x08001360                ADC_Init
 .text.SPI_Init
                0x08001468       0x4c src\klever_src\GLCD.o
                0x08001468                SPI_Init
 .text.spi_Send
                0x080014b4       0x30 src\klever_src\GLCD.o
                0x080014b4                spi_Send
 .text.glcd_Send
                0x080014e4       0x60 src\klever_src\GLCD.o
                0x080014e4                glcd_Send
 .text.glcd_Delay
                0x08001544       0x38 src\klever_src\GLCD.o
                0x08001544                glcd_Delay
 .text.GLCD_Init
                0x0800157c       0x50 src\klever_src\GLCD.o
                0x0800157c                GLCD_Init
 .text.glcd_Buffer_Clear
                0x080015cc       0x34 src\klever_src\GLCD.o
                0x080015cc                glcd_Buffer_Clear
 .text.glcd_Show
                0x08001600       0x90 src\klever_src\GLCD.o
                0x08001600                glcd_Show
 .text.glcd_Char
                0x08001690      0x15c src\klever_src\GLCD.o
                0x08001690                glcd_Char
 .text.glcd_String
                0x080017ec       0xc8 src\klever_src\GLCD.o
                0x080017ec                glcd_String
 .text.GPIO_delay
                0x080018b4       0x1c src\klever_src\GPIO.o
                0x080018b4                GPIO_delay
 .text.GPIO_Init
                0x080018d0      0x164 src\klever_src\GPIO.o
                0x080018d0                GPIO_Init
 .text.FC_rotate_Fwd
                0x08001a34       0x24 src\klever_src\GPIO.o
                0x08001a34                FC_rotate_Fwd
 .text.FC_rotate_Stop
                0x08001a58       0x24 src\klever_src\GPIO.o
                0x08001a58                FC_rotate_Stop
 .text.FC_tension_Up
                0x08001a7c       0x24 src\klever_src\GPIO.o
                0x08001a7c                FC_tension_Up
 .text.FC_tension_Down
                0x08001aa0       0x24 src\klever_src\GPIO.o
                0x08001aa0                FC_tension_Down
 .text.FC_tension_Hold
                0x08001ac4       0x24 src\klever_src\GPIO.o
                0x08001ac4                FC_tension_Hold
 .text.I2C_delay
                0x08001ae8       0x2c src\klever_src\I2C.o
                0x08001ae8                I2C_delay
 .text.I2C_GPIO_conf_with_Errata
                0x08001b14      0x124 src\klever_src\I2C.o
                0x08001b14                I2C_GPIO_conf_with_Errata
 .text.I2C_Init
                0x08001c38       0xa8 src\klever_src\I2C.o
                0x08001c38                I2C_Init
 .text.EEPROM_write_DWord
                0x08001ce0      0x130 src\klever_src\I2C.o
                0x08001ce0                EEPROM_write_DWord
 .text.EEPROM_read_word
                0x08001e10      0x15c src\klever_src\I2C.o
                0x08001e10                EEPROM_read_word
 .text.EEPROM_read_DWord
                0x08001f6c       0x54 src\klever_src\I2C.o
                0x08001f6c                EEPROM_read_DWord
 .text.K_updatePeriphFreq
                0x08001fc0      0x1e8 src\klever_src\K_RCC\K_RCC.o
                0x08001fc0                K_updatePeriphFreq
 .text.K_SetExtClockPLL
                0x080021a8      0x80c src\klever_src\K_RCC\K_RCC.o
                0x080021a8                K_SetExtClockPLL
 .text.K_SetExtClockDirect
                0x080029b4       0x54 src\klever_src\K_RCC\K_RCC.o
                0x080029b4                K_SetExtClockDirect
 .text.K_SetIntClockDirect
                0x08002a08       0x50 src\klever_src\K_RCC\K_RCC.o
                0x08002a08                K_SetIntClockDirect
 .text.K_SetIntClockPLL
                0x08002a58      0x130 src\klever_src\K_RCC\K_RCC.o
                0x08002a58                K_SetIntClockPLL
 .text.K_initMCOoutput
                0x08002b88       0x88 src\klever_src\K_RCC\K_RCC.o
                0x08002b88                K_initMCOoutput
 .text.K_setClock
                0x08002c10      0x204 src\klever_src\K_RCC\K_RCC.o
                0x08002c10                K_setClock
 .text.K_setClockHSE_2param
                0x08002e14      0x12e src\klever_src\K_RCC\K_RCC.o
                0x08002e14                K_setClockHSE_2param
 .text.K_setClockHSE
                0x08002f42       0x1c src\klever_src\K_RCC\K_RCC.o
                0x08002f42                K_setClockHSE
 *fill*         0x08002f5e        0x2 
 .text.BDCR_Lock
                0x08002f60       0x1c src\klever_src\MEM.o
                0x08002f60                BDCR_Lock
 .text.BDCR_UnLock
                0x08002f7c       0x1c src\klever_src\MEM.o
                0x08002f7c                BDCR_UnLock
 .text.BDCR_Init
                0x08002f98       0x1c src\klever_src\MEM.o
                0x08002f98                BDCR_Init
 .text.BDCR_Write_Word
                0x08002fb4       0x38 src\klever_src\MEM.o
                0x08002fb4                BDCR_Write_Word
 .text.BDCR_Read_Word
                0x08002fec       0x30 src\klever_src\MEM.o
                0x08002fec                BDCR_Read_Word
 .text.NVIC_EnableIRQ
                0x0800301c       0x30 src\klever_src\PWM.o
 .text.PWM_Init
                0x0800304c      0x11c src\klever_src\PWM.o
                0x0800304c                PWM_Init
 .text.PWM_Enable
                0x08003168       0x40 src\klever_src\PWM.o
                0x08003168                PWM_Enable
 .text.PWM_Update
                0x080031a8       0x74 src\klever_src\PWM.o
                0x080031a8                PWM_Update
 .text.__nop    0x0800321c        0xc src\klever_src\RTC.o
                0x0800321c                __nop
 .text.RCC_LSE_Config
                0x08003228       0x64 src\klever_src\RTC.o
                0x08003228                RCC_LSE_Config
 .text.RTC_SetPrescaler
                0x0800328c       0x50 src\klever_src\RTC.o
                0x0800328c                RTC_SetPrescaler
 .text.RTC_Init
                0x080032dc       0xb8 src\klever_src\RTC.o
                0x080032dc                RTC_Init
 .text.RTC_GetDateTime
                0x08003394      0x200 src\klever_src\RTC.o
                0x08003394                RTC_GetDateTime
 .text.RTC_GetCounter
                0x08003594       0x2c src\klever_src\RTC.o
                0x08003594                RTC_GetCounter
 .text.SysTick_Init
                0x080035c0       0x28 src\klever_src\TIM.o
                0x080035c0                SysTick_Init
 .text.initKeyboard
                0x080035e8       0x48 src\klever_src\lcd_menu\Keyboard.o
                0x080035e8                initKeyboard
 .text.scanKey  0x08003630       0xac src\klever_src\lcd_menu\Keyboard.o
                0x08003630                scanKey
 .text.stMachineWork
                0x080036dc      0x14c src\klever_src\lcd_menu\Keyboard.o
                0x080036dc                stMachineWork
 .text.clickSetOfButtons
                0x08003828       0xae src\klever_src\lcd_menu\Keyboard.o
                0x08003828                clickSetOfButtons
 *fill*         0x080038d6        0x2 
 .text.keyboadrWork
                0x080038d8      0x144 src\klever_src\lcd_menu\Keyboard.o
                0x080038d8                keyboadrWork
 .text.keyscan_work
                0x08003a1c       0xec src\klever_src\lcd_menu\Keyboard.o
                0x08003a1c                keyscan_work
 .text.redGreenButtonClickHandler
                0x08003b08        0xc src\klever_src\lcd_menu\Keyboard.o
                0x08003b08                redGreenButtonClickHandler
 .text.yellowGreenButtonClickHandler
                0x08003b14        0xc src\klever_src\lcd_menu\Keyboard.o
                0x08003b14                yellowGreenButtonClickHandler
 .text.greenBlueButtonClickHandler
                0x08003b20        0xc src\klever_src\lcd_menu\Keyboard.o
                0x08003b20                greenBlueButtonClickHandler
 .text.show_yes_no
                0x08003b2c       0x3c src\klever_src\lcd_menu\menu_callback.o
                0x08003b2c                show_yes_no
 .text.show_status
                0x08003b68       0x74 src\klever_src\lcd_menu\menu_callback.o
                0x08003b68                show_status
 .text.show_alarm
                0x08003bdc       0x40 src\klever_src\lcd_menu\menu_callback.o
                0x08003bdc                show_alarm
 .text.show_resurs
                0x08003c1c       0x28 src\klever_src\lcd_menu\menu_callback.o
                0x08003c1c                show_resurs
 .text.show_log_state
                0x08003c44       0x28 src\klever_src\lcd_menu\menu_callback.o
                0x08003c44                show_log_state
 .text.show_save_state
                0x08003c6c       0x88 src\klever_src\lcd_menu\menu_callback.o
                0x08003c6c                show_save_state
 .text.show_cur_tension
                0x08003cf4       0x4c src\klever_src\lcd_menu\menu_callback.o
                0x08003cf4                show_cur_tension
 .text.show_mode
                0x08003d40       0x84 src\klever_src\lcd_menu\menu_callback.o
                0x08003d40                show_mode
 .text.switch_log_state
                0x08003dc4       0x40 src\klever_src\lcd_menu\menu_callback.o
                0x08003dc4                switch_log_state
 .text.show_log_state_yes_no
                0x08003e04       0x24 src\klever_src\lcd_menu\menu_callback.o
                0x08003e04                show_log_state_yes_no
 .text.switch_save_state
                0x08003e28       0x8c src\klever_src\lcd_menu\menu_callback.o
                0x08003e28                switch_save_state
 .text.show_save_state_yes_no
                0x08003eb4       0x70 src\klever_src\lcd_menu\menu_callback.o
                0x08003eb4                show_save_state_yes_no
 .text.switch_default_state
                0x08003f24       0x8c src\klever_src\lcd_menu\menu_callback.o
                0x08003f24                switch_default_state
 .text.show_default_state
                0x08003fb0       0x5c src\klever_src\lcd_menu\menu_callback.o
                0x08003fb0                show_default_state
 .text.switch_mode_not_reg_state
                0x0800400c       0x20 src\klever_src\lcd_menu\menu_callback.o
                0x0800400c                switch_mode_not_reg_state
 .text.show_mode_not_reg_state
                0x0800402c       0x40 src\klever_src\lcd_menu\menu_callback.o
                0x0800402c                show_mode_not_reg_state
 .text.switch_mode_lazy_pid_state
                0x0800406c       0x2c src\klever_src\lcd_menu\menu_callback.o
                0x0800406c                switch_mode_lazy_pid_state
 .text.show_mode_lazy_pid_state
                0x08004098       0x40 src\klever_src\lcd_menu\menu_callback.o
                0x08004098                show_mode_lazy_pid_state
 .text.validate_mode_lazy_pid_period
                0x080040d8       0x2c src\klever_src\lcd_menu\menu_callback.o
                0x080040d8                validate_mode_lazy_pid_period
 .text.inc_mode_lazy_pid_period
                0x08004104       0x1c src\klever_src\lcd_menu\menu_callback.o
                0x08004104                inc_mode_lazy_pid_period
 .text.dec_mode_lazy_pid_period
                0x08004120       0x1c src\klever_src\lcd_menu\menu_callback.o
                0x08004120                dec_mode_lazy_pid_period
 .text.show_mode_lazy_pid_period
                0x0800413c       0x28 src\klever_src\lcd_menu\menu_callback.o
                0x0800413c                show_mode_lazy_pid_period
 .text.validate_mode_lazy_pid_value
                0x08004164       0x58 src\klever_src\lcd_menu\menu_callback.o
                0x08004164                validate_mode_lazy_pid_value
 .text.inc_mode_lazy_pid_value
                0x080041bc       0x1c src\klever_src\lcd_menu\menu_callback.o
                0x080041bc                inc_mode_lazy_pid_value
 .text.dec_mode_lazy_pid_value
                0x080041d8       0x1c src\klever_src\lcd_menu\menu_callback.o
                0x080041d8                dec_mode_lazy_pid_value
 .text.show_mode_lazy_pid_value
                0x080041f4       0x34 src\klever_src\lcd_menu\menu_callback.o
                0x080041f4                show_mode_lazy_pid_value
 .text.validate_mode_lazy_pid_err
                0x08004228       0x2c src\klever_src\lcd_menu\menu_callback.o
                0x08004228                validate_mode_lazy_pid_err
 .text.inc_mode_lazy_pid_err
                0x08004254       0x1c src\klever_src\lcd_menu\menu_callback.o
                0x08004254                inc_mode_lazy_pid_err
 .text.dec_mode_lazy_pid_err
                0x08004270       0x1c src\klever_src\lcd_menu\menu_callback.o
                0x08004270                dec_mode_lazy_pid_err
 .text.show_mode_lazy_pid_err
                0x0800428c       0x28 src\klever_src\lcd_menu\menu_callback.o
                0x0800428c                show_mode_lazy_pid_err
 .text.switch_mode_pid_state
                0x080042b4       0x2c src\klever_src\lcd_menu\menu_callback.o
                0x080042b4                switch_mode_pid_state
 .text.show_mode_pid_state
                0x080042e0       0x40 src\klever_src\lcd_menu\menu_callback.o
                0x080042e0                show_mode_pid_state
 .text.inc_mode_pid_value
                0x08004320       0x40 src\klever_src\lcd_menu\menu_callback.o
                0x08004320                inc_mode_pid_value
 .text.dec_mode_pid_value
                0x08004360       0x48 src\klever_src\lcd_menu\menu_callback.o
                0x08004360                dec_mode_pid_value
 .text.show_mode_pid_value
                0x080043a8       0x34 src\klever_src\lcd_menu\menu_callback.o
                0x080043a8                show_mode_pid_value
 .text.switch_mode_puls_state
                0x080043dc       0x2c src\klever_src\lcd_menu\menu_callback.o
                0x080043dc                switch_mode_puls_state
 .text.show_mode_puls_state
                0x08004408       0x40 src\klever_src\lcd_menu\menu_callback.o
                0x08004408                show_mode_puls_state
 .text.inc_mode_puls_from_value
                0x08004448       0x30 src\klever_src\lcd_menu\menu_callback.o
                0x08004448                inc_mode_puls_from_value
 .text.dec_mode_puls_from_value
                0x08004478       0x34 src\klever_src\lcd_menu\menu_callback.o
                0x08004478                dec_mode_puls_from_value
 .text.show_mode_puls_from_value
                0x080044ac       0x28 src\klever_src\lcd_menu\menu_callback.o
                0x080044ac                show_mode_puls_from_value
 .text.inc_mode_puls_to_value
                0x080044d4       0x34 src\klever_src\lcd_menu\menu_callback.o
                0x080044d4                inc_mode_puls_to_value
 .text.dec_mode_puls_to_value
                0x08004508       0x30 src\klever_src\lcd_menu\menu_callback.o
                0x08004508                dec_mode_puls_to_value
 .text.show_mode_puls_to_value
                0x08004538       0x28 src\klever_src\lcd_menu\menu_callback.o
                0x08004538                show_mode_puls_to_value
 .text.inc_mode_puls_period_value
                0x08004560       0x2c src\klever_src\lcd_menu\menu_callback.o
                0x08004560                inc_mode_puls_period_value
 .text.dec_mode_puls_period_value
                0x0800458c       0x28 src\klever_src\lcd_menu\menu_callback.o
                0x0800458c                dec_mode_puls_period_value
 .text.show_mode_puls_period_value
                0x080045b4       0x28 src\klever_src\lcd_menu\menu_callback.o
                0x080045b4                show_mode_puls_period_value
 .text.inc_freq
                0x080045dc       0x4c src\klever_src\lcd_menu\menu_callback.o
                0x080045dc                inc_freq
 .text.dec_freq
                0x08004628       0x48 src\klever_src\lcd_menu\menu_callback.o
                0x08004628                dec_freq
 .text.show_freq
                0x08004670       0x54 src\klever_src\lcd_menu\menu_callback.o
                0x08004670                show_freq
 .text.inc_rope_tension_bottom_limit
                0x080046c4       0x38 src\klever_src\lcd_menu\menu_callback.o
                0x080046c4                inc_rope_tension_bottom_limit
 .text.dec_rope_tension_bottom_limit
                0x080046fc       0x38 src\klever_src\lcd_menu\menu_callback.o
                0x080046fc                dec_rope_tension_bottom_limit
 .text.show_rope_tension_bottom_limit
                0x08004734       0x28 src\klever_src\lcd_menu\menu_callback.o
                0x08004734                show_rope_tension_bottom_limit
 .text.inc_rope_tension_up_limit
                0x0800475c       0x34 src\klever_src\lcd_menu\menu_callback.o
                0x0800475c                inc_rope_tension_up_limit
 .text.dec_rope_tension_up_limit
                0x08004790       0x40 src\klever_src\lcd_menu\menu_callback.o
                0x08004790                dec_rope_tension_up_limit
 .text.show_rope_tension_up_limit
                0x080047d0       0x28 src\klever_src\lcd_menu\menu_callback.o
                0x080047d0                show_rope_tension_up_limit
 .text.show_up_limit_brackets
                0x080047f8       0x28 src\klever_src\lcd_menu\menu_callback.o
                0x080047f8                show_up_limit_brackets
 .text.blueButtonClickHandler
                0x08004820        0xe src\klever_src\lcd_menu\menu_callback.o
                0x08004820                blueButtonClickHandler
 .text.yellowButtonClickHandler
                0x0800482e        0xe src\klever_src\lcd_menu\menu_callback.o
                0x0800482e                yellowButtonClickHandler
 .text.redButtonClickHandler
                0x0800483c       0x58 src\klever_src\lcd_menu\menu_callback.o
                0x0800483c                redButtonClickHandler
 .text.greenButtonClickHandler
                0x08004894        0xe src\klever_src\lcd_menu\menu_callback.o
                0x08004894                greenButtonClickHandler
 .text.blueButtonPressHandler
                0x080048a2        0xe src\klever_src\lcd_menu\menu_callback.o
                0x080048a2                blueButtonPressHandler
 .text.yellowButtonPressHandler
                0x080048b0        0xe src\klever_src\lcd_menu\menu_callback.o
                0x080048b0                yellowButtonPressHandler
 .text.redButtonPressHandler
                0x080048be        0xc src\klever_src\lcd_menu\menu_callback.o
                0x080048be                redButtonPressHandler
 .text.greenButtonPressHandler
                0x080048ca        0xe src\klever_src\lcd_menu\menu_callback.o
                0x080048ca                greenButtonPressHandler
 .text.yellowBlueButtonClickHandler
                0x080048d8       0x54 src\klever_src\lcd_menu\menu_callback.o
                0x080048d8                yellowBlueButtonClickHandler
 .text.redYellowButtonClickHandler
                0x0800492c       0x60 src\klever_src\lcd_menu\menu_callback.o
                0x0800492c                redYellowButtonClickHandler
 .text.redBlueButtonClickHandler
                0x0800498c        0xc src\klever_src\lcd_menu\menu_callback.o
                0x0800498c                redBlueButtonClickHandler
 .text.threeButtonClickHandler
                0x08004998        0xc src\klever_src\lcd_menu\menu_callback.o
                0x08004998                threeButtonClickHandler
 .text.menuInit
                0x080049a4      0xe54 src\klever_src\lcd_menu\menu_init.o
                0x080049a4                menuInit
 .text.voidFunct
                0x080057f8        0xc src\klever_src\lcd_menu\screen.o
                0x080057f8                voidFunct
 .text.initWindow
                0x08005804       0x2e src\klever_src\lcd_menu\screen.o
                0x08005804                initWindow
 .text.insertItemToList
                0x08005832       0x7a src\klever_src\lcd_menu\screen.o
                0x08005832                insertItemToList
 .text.initItemSubmenu
                0x080058ac       0x6c src\klever_src\lcd_menu\screen.o
                0x080058ac                initItemSubmenu
 .text.initItemParameter
                0x08005918       0x6e src\klever_src\lcd_menu\screen.o
                0x08005918                initItemParameter
 .text.initItemLabel
                0x08005986       0x64 src\klever_src\lcd_menu\screen.o
                0x08005986                initItemLabel
 *fill*         0x080059ea        0x2 
 .text.initObj  0x080059ec       0x3c src\klever_src\lcd_menu\screen.o
                0x080059ec                initObj
 .text.initObjChangeable
                0x08005a28       0x28 src\klever_src\lcd_menu\screen.o
                0x08005a28                initObjChangeable
 .text.initObjNotchangeable
                0x08005a50       0x28 src\klever_src\lcd_menu\screen.o
                0x08005a50                initObjNotchangeable
 .text.initScreen
                0x08005a78       0x74 src\klever_src\lcd_menu\screen.o
                0x08005a78                initScreen
 .text.screenWork
                0x08005aec       0x24 src\klever_src\lcd_menu\screen.o
                0x08005aec                screenWork
 .text.strLength
                0x08005b10       0x30 src\klever_src\lcd_menu\screen.o
                0x08005b10                strLength
 .text.updateScreen
                0x08005b40      0x1c4 src\klever_src\lcd_menu\screen.o
                0x08005b40                updateScreen
 .text.isSelectableItem
                0x08005d04       0x48 src\klever_src\lcd_menu\screen.o
                0x08005d04                isSelectableItem
 .text.findNextSelectableItem
                0x08005d4c       0x36 src\klever_src\lcd_menu\screen.o
                0x08005d4c                findNextSelectableItem
 .text.findPrewSelectableItem
                0x08005d82       0x36 src\klever_src\lcd_menu\screen.o
                0x08005d82                findPrewSelectableItem
 .text.screenSM
                0x08005db8      0x16c src\klever_src\lcd_menu\screen.o
                0x08005db8                screenSM
 .text.pushValueToBuffer
                0x08005f24       0x84 src\klever_src\log.o
                0x08005f24                pushValueToBuffer
 .text.initLog  0x08005fa8       0xac src\klever_src\log.o
                0x08005fa8                initLog
 .text.getValueFromBuffer
                0x08006054       0x78 src\klever_src\log.o
                0x08006054                getValueFromBuffer
 .text.LogTermToStr
                0x080060cc       0x7c src\klever_src\log.o
                0x080060cc                LogTermToStr
 .text.mainSMInit
                0x08006148       0x48 src\klever_src\main_sm.o
                0x08006148                mainSMInit
 .text.pulsModeWork
                0x08006190       0xbc src\klever_src\main_sm.o
                0x08006190                pulsModeWork
 .text.isRegulatingLazyPidMode
                0x0800624c       0x50 src\klever_src\main_sm.o
                0x0800624c                isRegulatingLazyPidMode
 .text.lazyPIDModeWork
                0x0800629c       0xf4 src\klever_src\main_sm.o
                0x0800629c                lazyPIDModeWork
 .text.calculateCRC
                0x08006390       0x7a src\klever_src\modbus.o
                0x08006390                calculateCRC
 *fill*         0x0800640a        0x2 
 .text.initAtv12
                0x0800640c       0x70 src\klever_src\modbus.o
                0x0800640c                initAtv12
 .text.setFreqAtv12
                0x0800647c       0x78 src\klever_src\modbus.o
                0x0800647c                setFreqAtv12
 .text.stopAtv12
                0x080064f4       0x60 src\klever_src\modbus.o
                0x080064f4                stopAtv12
 .text.runAtv12
                0x08006554       0x60 src\klever_src\modbus.o
                0x08006554                runAtv12
 .text.setTime  0x080065b4       0x28 src\klever_src\pid.o
                0x080065b4                setTime
 .text.setTimeByValue
                0x080065dc       0x1a src\klever_src\pid.o
                0x080065dc                setTimeByValue
 .text.timeIsLower
                0x080065f6       0x26 src\klever_src\pid.o
                0x080065f6                timeIsLower
 .text.addTime  0x0800661c       0x30 src\klever_src\pid.o
                0x0800661c                addTime
 .text.incremTime
                0x0800664c       0x2a src\klever_src\pid.o
                0x0800664c                incremTime
 .text.fixOverflowIssue
                0x08006676       0x68 src\klever_src\pid.o
                0x08006676                fixOverflowIssue
 .text.checkU   0x080066de       0x12 src\klever_src\pid.o
                0x080066de                checkU
 .text.PIDreset
                0x080066f0       0x18 src\klever_src\pid.o
                0x080066f0                PIDreset
 .text.PIDregulating
                0x08006708      0x254 src\klever_src\pid.o
                0x08006708                PIDregulating
 .text.NVIC_EnableIRQ
                0x0800695c       0x30 src\klever_src\usart.o
 .text.sendNextByte
                0x0800698c       0x6c src\klever_src\usart.o
                0x0800698c                sendNextByte
 .text.USART3_IRQHandler
                0x080069f8       0x4c src\klever_src\usart.o
                0x080069f8                USART3_IRQHandler
 .text.DMA1_Channel7_IRQHandler
                0x08006a44       0x34 src\klever_src\usart.o
                0x08006a44                DMA1_Channel7_IRQHandler
 .text.USART2_IRQHandler
                0x08006a78       0x68 src\klever_src\usart.o
                0x08006a78                USART2_IRQHandler
 .text.usart2_init
                0x08006ae0       0xe8 src\klever_src\usart.o
                0x08006ae0                usart2_init
 .text.sendStrToUart2
                0x08006bc8       0x54 src\klever_src\usart.o
                0x08006bc8                sendStrToUart2
 .text.usart3_init_keyboard
                0x08006c1c       0xb4 src\klever_src\usart.o
                0x08006c1c                usart3_init_keyboard
 .text.delay_ms
                0x08006cd0       0x28 src\main.o
                0x08006cd0                delay_ms
 .text.ADC_work
                0x08006cf8       0xb8 src\main.o
                0x08006cf8                ADC_work
 .text.enableRotation
                0x08006db0       0x48 src\main.o
                0x08006db0                enableRotation
 .text.disableRotation
                0x08006df8       0x58 src\main.o
                0x08006df8                disableRotation
 .text.generateError
                0x08006e50       0x28 src\main.o
                0x08006e50                generateError
 .text.generateErrorOfMotor
                0x08006e78       0x18 src\main.o
                0x08006e78                generateErrorOfMotor
 .text.generateErrorOfLowTension
                0x08006e90       0x34 src\main.o
                0x08006e90                generateErrorOfLowTension
 .text.generateErrorOfHighTension
                0x08006ec4       0x60 src\main.o
                0x08006ec4                generateErrorOfHighTension
 .text.generateErrorOfUpLimit
                0x08006f24       0x24 src\main.o
                0x08006f24                generateErrorOfUpLimit
 .text.generateErrorOfBottomLimit
                0x08006f48       0x24 src\main.o
                0x08006f48                generateErrorOfBottomLimit
 .text.shutdownErrorOfBottomLimit
                0x08006f6c       0x20 src\main.o
                0x08006f6c                shutdownErrorOfBottomLimit
 .text.shutdownErrorOfUpLimit
                0x08006f8c       0x20 src\main.o
                0x08006f8c                shutdownErrorOfUpLimit
 *fill*         0x08006fac        0x4 
 .text.calculateTension
                0x08006fb0      0x120 src\main.o
                0x08006fb0                calculateTension
 .text.SysTick_Handler
                0x080070d0      0x5bc src\main.o
                0x080070d0                SysTick_Handler
 .text.Read_BDCR
                0x0800768c       0x8c src\main.o
                0x0800768c                Read_BDCR
 .text.TIM3_IRQHandler
                0x08007718       0x60 src\main.o
                0x08007718                TIM3_IRQHandler
 .text.main     0x08007778      0x164 src\main.o
                0x08007778                main
 .text.Reset_Handler
                0x080078dc       0x50 src\startup_stm32f10x_cl.o
                0x080078dc                Reset_Handler
 .text.Default_Handler
                0x0800792c        0x2 src\startup_stm32f10x_cl.o
                0x0800792c                EXTI2_IRQHandler
                0x0800792c                DebugMon_Handler
                0x0800792c                TIM1_CC_IRQHandler
                0x0800792c                HardFault_Handler
                0x0800792c                TIM6_IRQHandler
                0x0800792c                PVD_IRQHandler
                0x0800792c                PendSV_Handler
                0x0800792c                NMI_Handler
                0x0800792c                CAN2_RX1_IRQHandler
                0x0800792c                EXTI3_IRQHandler
                0x0800792c                EXTI0_IRQHandler
                0x0800792c                I2C2_EV_IRQHandler
                0x0800792c                CAN1_RX0_IRQHandler
                0x0800792c                UsageFault_Handler
                0x0800792c                CAN2_SCE_IRQHandler
                0x0800792c                ADC1_2_IRQHandler
                0x0800792c                SPI1_IRQHandler
                0x0800792c                TAMPER_IRQHandler
                0x0800792c                CAN2_RX0_IRQHandler
                0x0800792c                DMA2_Channel2_IRQHandler
                0x0800792c                DMA1_Channel4_IRQHandler
                0x0800792c                RTC_IRQHandler
                0x0800792c                CAN1_RX1_IRQHandler
                0x0800792c                UART5_IRQHandler
                0x0800792c                TIM4_IRQHandler
                0x0800792c                DMA2_Channel1_IRQHandler
                0x0800792c                I2C1_EV_IRQHandler
                0x0800792c                DMA1_Channel6_IRQHandler
                0x0800792c                UART4_IRQHandler
                0x0800792c                DMA2_Channel4_IRQHandler
                0x0800792c                RCC_IRQHandler
                0x0800792c                TIM1_TRG_COM_IRQHandler
                0x0800792c                DMA1_Channel1_IRQHandler
                0x0800792c                Default_Handler
                0x0800792c                EXTI15_10_IRQHandler
                0x0800792c                TIM7_IRQHandler
                0x0800792c                CAN2_TX_IRQHandler
                0x0800792c                TIM5_IRQHandler
                0x0800792c                EXTI9_5_IRQHandler
                0x0800792c                ETH_WKUP_IRQHandler
                0x0800792c                SPI2_IRQHandler
                0x0800792c                MemManage_Handler
                0x0800792c                CAN1_TX_IRQHandler
                0x0800792c                SVC_Handler
                0x0800792c                DMA2_Channel5_IRQHandler
                0x0800792c                DMA1_Channel5_IRQHandler
                0x0800792c                EXTI4_IRQHandler
                0x0800792c                DMA1_Channel3_IRQHandler
                0x0800792c                ETH_IRQHandler
                0x0800792c                TIM1_UP_IRQHandler
                0x0800792c                WWDG_IRQHandler
                0x0800792c                TIM2_IRQHandler
                0x0800792c                OTG_FS_WKUP_IRQHandler
                0x0800792c                TIM1_BRK_IRQHandler
                0x0800792c                EXTI1_IRQHandler
                0x0800792c                RTCAlarm_IRQHandler
                0x0800792c                I2C2_ER_IRQHandler
                0x0800792c                DMA1_Channel2_IRQHandler
                0x0800792c                CAN1_SCE_IRQHandler
                0x0800792c                FLASH_IRQHandler
                0x0800792c                BusFault_Handler
                0x0800792c                USART1_IRQHandler
                0x0800792c                OTG_FS_IRQHandler
                0x0800792c                SPI3_IRQHandler
                0x0800792c                I2C1_ER_IRQHandler
                0x0800792c                DMA2_Channel3_IRQHandler
 *fill*         0x0800792e        0x2 
 .text.SystemInit
                0x08007930       0x7c src\system_stm32f10x.o
                0x08007930                SystemInit
 .text.SetSysClock
                0x080079ac        0xc src\system_stm32f10x.o
 .text.SetSysClockTo72
                0x080079b8      0x138 src\system_stm32f10x.o
 .text.__libc_init_array
                0x08007af0       0x48 c:/program files (x86)/atollic/truestudio for stm32 9.3.0/armtools/bin/../lib/gcc/arm-atollic-eabi/6.3.1/../../../../arm-atollic-eabi/lib/armv7-m\libc_nano.a(lib_a-init.o)
                0x08007af0                __libc_init_array
 .text.sprintf  0x08007b38       0x48 c:/program files (x86)/atollic/truestudio for stm32 9.3.0/armtools/bin/../lib/gcc/arm-atollic-eabi/6.3.1/../../../../arm-atollic-eabi/lib/armv7-m\libc_nano.a(lib_a-sprintf.o)
                0x08007b38                siprintf
                0x08007b38                sprintf
 .text.strcpy   0x08007b80       0x10 c:/program files (x86)/atollic/truestudio for stm32 9.3.0/armtools/bin/../lib/gcc/arm-atollic-eabi/6.3.1/../../../../arm-atollic-eabi/lib/armv7-m\libc_nano.a(lib_a-strcpy.o)
                0x08007b80                strcpy
 .text.__ssputs_r
                0x08007b90       0xb6 c:/program files (x86)/atollic/truestudio for stm32 9.3.0/armtools/bin/../lib/gcc/arm-atollic-eabi/6.3.1/../../../../arm-atollic-eabi/lib/armv7-m\libc_nano.a(lib_a-nano-svfprintf.o)
                0x08007b90                __ssputs_r
 *fill*         0x08007c46        0x2 
 .text._svfprintf_r
                0x08007c48      0x1e8 c:/program files (x86)/atollic/truestudio for stm32 9.3.0/armtools/bin/../lib/gcc/arm-atollic-eabi/6.3.1/../../../../arm-atollic-eabi/lib/armv7-m\libc_nano.a(lib_a-nano-svfprintf.o)
                0x08007c48                _svfiprintf_r
                0x08007c48                _svfprintf_r
 .text._printf_common
                0x08007e30       0xee c:/program files (x86)/atollic/truestudio for stm32 9.3.0/armtools/bin/../lib/gcc/arm-atollic-eabi/6.3.1/../../../../arm-atollic-eabi/lib/armv7-m\libc_nano.a(lib_a-nano-vfprintf_i.o)
                0x08007e30                _printf_common
 *fill*         0x08007f1e        0x2 
 .text._printf_i
                0x08007f20      0x240 c:/program files (x86)/atollic/truestudio for stm32 9.3.0/armtools/bin/../lib/gcc/arm-atollic-eabi/6.3.1/../../../../arm-atollic-eabi/lib/armv7-m\libc_nano.a(lib_a-nano-vfprintf_i.o)
                0x08007f20                _printf_i
 .text.memchr   0x08008160       0x1c c:/program files (x86)/atollic/truestudio for stm32 9.3.0/armtools/bin/../lib/gcc/arm-atollic-eabi/6.3.1/../../../../arm-atollic-eabi/lib/armv7-m\libc_nano.a(lib_a-memchr-stub.o)
                0x08008160                memchr
 .text.memcpy   0x0800817c       0x16 c:/program files (x86)/atollic/truestudio for stm32 9.3.0/armtools/bin/../lib/gcc/arm-atollic-eabi/6.3.1/../../../../arm-atollic-eabi/lib/armv7-m\libc_nano.a(lib_a-memcpy-stub.o)
                0x0800817c                memcpy
 .text.memmove  0x08008192       0x34 c:/program files (x86)/atollic/truestudio for stm32 9.3.0/armtools/bin/../lib/gcc/arm-atollic-eabi/6.3.1/../../../../arm-atollic-eabi/lib/armv7-m\libc_nano.a(lib_a-memmove.o)
                0x08008192                memmove
 *fill*         0x080081c6        0x2 
 .text._free_r  0x080081c8       0x98 c:/program files (x86)/atollic/truestudio for stm32 9.3.0/armtools/bin/../lib/gcc/arm-atollic-eabi/6.3.1/../../../../arm-atollic-eabi/lib/armv7-m\libc_nano.a(lib_a-nano-freer.o)
                0x080081c8                _free_r
 .text._malloc_r
                0x08008260       0xbc c:/program files (x86)/atollic/truestudio for stm32 9.3.0/armtools/bin/../lib/gcc/arm-atollic-eabi/6.3.1/../../../../arm-atollic-eabi/lib/armv7-m\libc_nano.a(lib_a-nano-mallocr.o)
                0x08008260                _malloc_r
 .text._realloc_r
                0x0800831c       0x4c c:/program files (x86)/atollic/truestudio for stm32 9.3.0/armtools/bin/../lib/gcc/arm-atollic-eabi/6.3.1/../../../../arm-atollic-eabi/lib/armv7-m\libc_nano.a(lib_a-nano-reallocr.o)
                0x0800831c                _realloc_r
 .text._sbrk_r  0x08008368       0x20 c:/program files (x86)/atollic/truestudio for stm32 9.3.0/armtools/bin/../lib/gcc/arm-atollic-eabi/6.3.1/../../../../arm-atollic-eabi/lib/armv7-m\libc_nano.a(lib_a-sbrkr.o)
                0x08008368                _sbrk_r
 .text.__malloc_lock
                0x08008388        0x2 c:/program files (x86)/atollic/truestudio for stm32 9.3.0/armtools/bin/../lib/gcc/arm-atollic-eabi/6.3.1/../../../../arm-atollic-eabi/lib/armv7-m\libc_nano.a(lib_a-mlock.o)
                0x08008388                __malloc_lock
 .text.__malloc_unlock
                0x0800838a        0x2 c:/program files (x86)/atollic/truestudio for stm32 9.3.0/armtools/bin/../lib/gcc/arm-atollic-eabi/6.3.1/../../../../arm-atollic-eabi/lib/armv7-m\libc_nano.a(lib_a-mlock.o)
                0x0800838a                __malloc_unlock
 .text._malloc_usable_size_r
                0x0800838c       0x12 c:/program files (x86)/atollic/truestudio for stm32 9.3.0/armtools/bin/../lib/gcc/arm-atollic-eabi/6.3.1/../../../../arm-atollic-eabi/lib/armv7-m\libc_nano.a(lib_a-nano-msizer.o)
                0x0800838c                _malloc_usable_size_r
 *fill*         0x0800839e        0x2 
 .text._sbrk    0x080083a0       0x1c c:/program files (x86)/atollic/truestudio for stm32 9.3.0/armtools/bin/../lib/gcc/arm-atollic-eabi/6.3.1/../../../../arm-atollic-eabi/lib/armv7-m\libnosys.a(sbrk.o)
                0x080083a0                _sbrk
 *(.glue_7)
 .glue_7        0x080083bc        0x0 linker stubs
 *(.glue_7t)
 .glue_7t       0x080083bc        0x0 linker stubs
 *(.eh_frame)
 .eh_frame      0x080083bc        0x0 c:/program files (x86)/atollic/truestudio for stm32 9.3.0/armtools/bin/../lib/gcc/arm-atollic-eabi/6.3.1/armv7-m/crtbegin.o
 *(.init)
 .init          0x080083bc        0x4 c:/program files (x86)/atollic/truestudio for stm32 9.3.0/armtools/bin/../lib/gcc/arm-atollic-eabi/6.3.1/armv7-m/crti.o
                0x080083bc                _init
 .init          0x080083c0        0x8 c:/program files (x86)/atollic/truestudio for stm32 9.3.0/armtools/bin/../lib/gcc/arm-atollic-eabi/6.3.1/armv7-m/crtn.o
 *(.fini)
 .fini          0x080083c8        0x4 c:/program files (x86)/atollic/truestudio for stm32 9.3.0/armtools/bin/../lib/gcc/arm-atollic-eabi/6.3.1/armv7-m/crti.o
                0x080083c8                _fini
 .fini          0x080083cc        0x8 c:/program files (x86)/atollic/truestudio for stm32 9.3.0/armtools/bin/../lib/gcc/arm-atollic-eabi/6.3.1/armv7-m/crtn.o
                0x080083d4                . = ALIGN (0x4)
                0x080083d4                _etext = .

.vfp11_veneer   0x080083d4        0x0
 .vfp11_veneer  0x080083d4        0x0 linker stubs

.v4_bx          0x080083d4        0x0
 .v4_bx         0x080083d4        0x0 linker stubs

.iplt           0x080083d4        0x0
 .iplt          0x080083d4        0x0 c:/program files (x86)/atollic/truestudio for stm32 9.3.0/armtools/bin/../lib/gcc/arm-atollic-eabi/6.3.1/armv7-m/crtbegin.o

.rodata         0x080083d4      0xbb8
                0x080083d4                . = ALIGN (0x4)
 *(.rodata)
 .rodata        0x080083d4       0x7e src\klever_src\lcd_menu\menu_callback.o
 *fill*         0x08008452        0x2 
 .rodata        0x08008454      0x203 src\klever_src\lcd_menu\menu_init.o
 *fill*         0x08008657        0x1 
 .rodata        0x08008658        0x2 src\klever_src\lcd_menu\screen.o
 *fill*         0x0800865a        0x2 
 .rodata        0x0800865c       0x42 src\klever_src\log.o
 *fill*         0x0800869e        0x2 
 .rodata        0x080086a0       0xb5 src\main.o
 *(.rodata*)
 *fill*         0x08008755        0x3 
 .rodata.Font8x8Table
                0x08008758      0x800 src\klever_src\GLCD.o
                0x08008758                Font8x8Table
 .rodata._svfprintf_r.str1.1
                0x08008f58       0x11 c:/program files (x86)/atollic/truestudio for stm32 9.3.0/armtools/bin/../lib/gcc/arm-atollic-eabi/6.3.1/../../../../arm-atollic-eabi/lib/armv7-m\libc_nano.a(lib_a-nano-svfprintf.o)
 .rodata._printf_i.str1.1
                0x08008f69       0x22 c:/program files (x86)/atollic/truestudio for stm32 9.3.0/armtools/bin/../lib/gcc/arm-atollic-eabi/6.3.1/../../../../arm-atollic-eabi/lib/armv7-m\libc_nano.a(lib_a-nano-vfprintf_i.o)
                0x08008f8c                . = ALIGN (0x4)
 *fill*         0x08008f8b        0x1 

.ARM.extab
 *(.ARM.extab* .gnu.linkonce.armextab.*)

.ARM            0x08008f8c        0x8
                0x08008f8c                __exidx_start = .
 *(.ARM.exidx*)
 .ARM.exidx     0x08008f8c        0x8 c:/program files (x86)/atollic/truestudio for stm32 9.3.0/armtools/bin/../lib/gcc/arm-atollic-eabi/6.3.1/armv7-m\libgcc.a(_udivmoddi4.o)
                0x08008f94                __exidx_end = .

.rel.dyn        0x08008f94        0x0
 .rel.iplt      0x08008f94        0x0 c:/program files (x86)/atollic/truestudio for stm32 9.3.0/armtools/bin/../lib/gcc/arm-atollic-eabi/6.3.1/armv7-m/crtbegin.o

.preinit_array  0x08008f94        0x0
                0x08008f94                PROVIDE (__preinit_array_start, .)
 *(.preinit_array*)
                0x08008f94                PROVIDE (__preinit_array_end, .)

.init_array     0x08008f94        0x4
                0x08008f94                PROVIDE (__init_array_start, .)
 *(SORT(.init_array.*))
 *(.init_array*)
 .init_array    0x08008f94        0x4 c:/program files (x86)/atollic/truestudio for stm32 9.3.0/armtools/bin/../lib/gcc/arm-atollic-eabi/6.3.1/armv7-m/crtbegin.o
                0x08008f98                PROVIDE (__init_array_end, .)

.fini_array     0x08008f98        0x4
                [!provide]                PROVIDE (__fini_array_start, .)
 *(SORT(.fini_array.*))
 *(.fini_array*)
 .fini_array    0x08008f98        0x4 c:/program files (x86)/atollic/truestudio for stm32 9.3.0/armtools/bin/../lib/gcc/arm-atollic-eabi/6.3.1/armv7-m/crtbegin.o
                [!provide]                PROVIDE (__fini_array_end, .)
                0x08008f9c                _sidata = LOADADDR (.data)

.data           0x20000000      0x1a4 load address 0x08008f9c
                0x20000000                . = ALIGN (0x4)
                0x20000000                _sdata = .
 *(.data)
 *(.data*)
 .data.K_EXT_OSC_FREQ
                0x20000000        0x4 src\klever_src\K_RCC\K_RCC.o
                0x20000000                K_EXT_OSC_FREQ
 .data.K_INT_OSC_FREQ
                0x20000004        0x4 src\klever_src\K_RCC\K_RCC.o
                0x20000004                K_INT_OSC_FREQ
 .data.LOG_PROCESS_ON_FLAG
                0x20000008        0x1 src\klever_src\log.o
                0x20000008                LOG_PROCESS_ON_FLAG
 *fill*         0x20000009        0x3 
 .data.line_to_uart_send
                0x2000000c       0xc8 src\klever_src\log.o
                0x2000000c                line_to_uart_send
 .data.log_buf_send_cnt
                0x200000d4        0x2 src\klever_src\log.o
                0x200000d4                log_buf_send_cnt
 .data.curr_send_cnt
                0x200000d6        0x2 src\klever_src\log.o
                0x200000d6                curr_send_cnt
 .data.modbus_command
                0x200000d8        0x8 src\klever_src\modbus.o
                0x200000d8                modbus_command
 .data.is_first_call
                0x200000e0        0x1 src\klever_src\pid.o
                0x200000e0                is_first_call
 *fill*         0x200000e1        0x3 
 .data._Kp      0x200000e4        0x4 src\klever_src\pid.o
                0x200000e4                _Kp
 .data._Ki      0x200000e8        0x4 src\klever_src\pid.o
                0x200000e8                _Ki
 .data.max_I    0x200000ec        0x4 src\klever_src\pid.o
                0x200000ec                max_I
 .data.Global_Caption
                0x200000f0       0x30 src\main.o
                0x200000f0                Global_Caption
 .data.bt_delay
                0x20000120        0x2 src\main.o
                0x20000120                bt_delay
 .data.PNP_stay_trigger
                0x20000122        0x1 src\main.o
                0x20000122                PNP_stay_trigger
 *fill*         0x20000123        0x1 
 .data.rope_tention_target
                0x20000124        0x4 src\main.o
                0x20000124                rope_tention_target
 .data.rope_tension_bottom_limit
                0x20000128        0x4 src\main.o
                0x20000128                rope_tension_bottom_limit
 .data.previous_rope_tention_target
                0x2000012c        0x4 src\main.o
                0x2000012c                previous_rope_tention_target
 .data.rope_tension_up_limit
                0x20000130        0x4 src\main.o
                0x20000130                rope_tension_up_limit
 .data.K_a0     0x20000134        0x1 src\main.o
                0x20000134                K_a0
 *fill*         0x20000135        0x1 
 .data.K_PWM_Speed
                0x20000136        0x2 src\main.o
                0x20000136                K_PWM_Speed
 .data.K_PWM_tension
                0x20000138        0x2 src\main.o
                0x20000138                K_PWM_tension
 *fill*         0x2000013a        0x2 
 .data.SystemCoreClock
                0x2000013c        0x4 src\system_stm32f10x.o
                0x2000013c                SystemCoreClock
 .data._impure_ptr
                0x20000140        0x4 c:/program files (x86)/atollic/truestudio for stm32 9.3.0/armtools/bin/../lib/gcc/arm-atollic-eabi/6.3.1/../../../../arm-atollic-eabi/lib/armv7-m\libc_nano.a(lib_a-impure.o)
                0x20000140                _impure_ptr
 .data.impure_data
                0x20000144       0x60 c:/program files (x86)/atollic/truestudio for stm32 9.3.0/armtools/bin/../lib/gcc/arm-atollic-eabi/6.3.1/../../../../arm-atollic-eabi/lib/armv7-m\libc_nano.a(lib_a-impure.o)
                0x200001a4                . = ALIGN (0x4)
                0x200001a4                _edata = .

.igot.plt       0x200001a4        0x0 load address 0x08009140
 .igot.plt      0x200001a4        0x0 c:/program files (x86)/atollic/truestudio for stm32 9.3.0/armtools/bin/../lib/gcc/arm-atollic-eabi/6.3.1/armv7-m/crtbegin.o
                0x200001a4                . = ALIGN (0x4)

.bss            0x200001a4     0x3a5c load address 0x08009140
                0x200001a4                _sbss = .
                0x200001a4                __bss_start__ = _sbss
 *(.bss)
 .bss           0x200001a4       0x1c c:/program files (x86)/atollic/truestudio for stm32 9.3.0/armtools/bin/../lib/gcc/arm-atollic-eabi/6.3.1/armv7-m/crtbegin.o
 *(.bss*)
 .bss.sm.6412   0x200001c0        0x1 src\klever_src\lcd_menu\Keyboard.o
 .bss.bt_state_low.6411
                0x200001c1        0x1 src\klever_src\lcd_menu\Keyboard.o
 .bss.bt_state_high.6410
                0x200001c2        0x1 src\klever_src\lcd_menu\Keyboard.o
 .bss.last_code.6431
                0x200001c3        0x1 src\klever_src\lcd_menu\Keyboard.o
 .bss.menu_window.5388
                0x200001c4      0x140 src\klever_src\lcd_menu\menu_init.o
 .bss.item_index.5390
                0x20000304        0x4 src\klever_src\lcd_menu\menu_init.o
 .bss.item.5389
                0x20000308      0x708 src\klever_src\lcd_menu\menu_init.o
 .bss.obj_index.5391
                0x20000a10        0x4 src\klever_src\lcd_menu\menu_init.o
 .bss.obj.5387  0x20000a14      0x258 src\klever_src\lcd_menu\menu_init.o
 .bss.onthefly_log_mode
                0x20000c6c        0x1 src\klever_src\log.o
                0x20000c6c                onthefly_log_mode
 .bss.CURRENT_REG_MODE
                0x20000c6d        0x1 src\klever_src\main_sm.o
                0x20000c6d                CURRENT_REG_MODE
 *fill*         0x20000c6e        0x2 
 .bss.time.4205
                0x20000c70        0x4 src\klever_src\main_sm.o
 .bss.avg_err.4216
                0x20000c74        0x4 src\klever_src\main_sm.o
 .bss._Kd       0x20000c78        0x4 src\klever_src\pid.o
                0x20000c78                _Kd
 .bss.i         0x20000c7c        0x1 src\klever_src\usart.o
                0x20000c7c                i
 .bss.Now_Alarm
                0x20000c7d        0x1 src\main.o
                0x20000c7d                Now_Alarm
 .bss.FC_motion_state
                0x20000c7e        0x1 src\main.o
 .bss.FC_tension_state
                0x20000c7f        0x1 src\main.o
 .bss.I2C_update
                0x20000c80        0x1 src\main.o
                0x20000c80                I2C_update
 *fill*         0x20000c81        0x1 
 .bss.I2C_update_delay
                0x20000c82        0x2 src\main.o
                0x20000c82                I2C_update_delay
 .bss.sys_delay
                0x20000c84        0x4 src\main.o
                0x20000c84                sys_delay
 .bss.adc_delay
                0x20000c88        0x4 src\main.o
                0x20000c88                adc_delay
 .bss.glcd_refresh_delay
                0x20000c8c        0x4 src\main.o
                0x20000c8c                glcd_refresh_delay
 .bss.leds_delay
                0x20000c90        0x4 src\main.o
                0x20000c90                leds_delay
 .bss.motor_foult_counter
                0x20000c94        0x4 src\main.o
                0x20000c94                motor_foult_counter
 .bss.log_buff_delay
                0x20000c98        0x4 src\main.o
                0x20000c98                log_buff_delay
 .bss.Frame_up_limit_state
                0x20000c9c        0x1 src\main.o
                0x20000c9c                Frame_up_limit_state
 .bss.Frame_rope_tension_bottom_limit_state
                0x20000c9d        0x1 src\main.o
                0x20000c9d                Frame_rope_tension_bottom_limit_state
 .bss.PNP_current_state
                0x20000c9e        0x1 src\main.o
                0x20000c9e                PNP_current_state
 .bss.PNP_prev_state
                0x20000c9f        0x1 src\main.o
                0x20000c9f                PNP_prev_state
 .bss.PNP_R_trigger
                0x20000ca0        0x1 src\main.o
                0x20000ca0                PNP_R_trigger
 .bss.PNP_F_trigger
                0x20000ca1        0x1 src\main.o
                0x20000ca1                PNP_F_trigger
 *fill*         0x20000ca2        0x2 
 .bss.PNP_count
                0x20000ca4        0x4 src\main.o
                0x20000ca4                PNP_count
 .bss.previous_rope_tension_bottom_limit
                0x20000ca8        0x4 src\main.o
                0x20000ca8                previous_rope_tension_bottom_limit
 .bss.previous_rope_tension_up_limit
                0x20000cac        0x4 src\main.o
                0x20000cac                previous_rope_tension_up_limit
 .bss.rope_tension_error
                0x20000cb0        0x4 src\main.o
                0x20000cb0                rope_tension_error
 .bss.rope_tension_avg
                0x20000cb4        0x4 src\main.o
                0x20000cb4                rope_tension_avg
 .bss.rope_tension_avg_arr
                0x20000cb8       0x28 src\main.o
                0x20000cb8                rope_tension_avg_arr
 .bss.r_t_i     0x20000ce0        0x1 src\main.o
                0x20000ce0                r_t_i
 .bss.ADC_state
                0x20000ce1        0x1 src\main.o
                0x20000ce1                ADC_state
 .bss.ADC_ch    0x20000ce2        0x1 src\main.o
                0x20000ce2                ADC_ch
 *fill*         0x20000ce3        0x1 
 .bss.A0_raw    0x20000ce4        0x2 src\main.o
                0x20000ce4                A0_raw
 *fill*         0x20000ce6        0x2 
 .bss.N         0x20000ce8        0x4 src\main.o
                0x20000ce8                N
 .bss.T         0x20000cec        0x4 src\main.o
                0x20000cec                T
 .bss.PWM_Speed_state
                0x20000cf0        0x1 src\main.o
                0x20000cf0                PWM_Speed_state
 .bss.PWM_Tension_state
                0x20000cf1        0x1 src\main.o
                0x20000cf1                PWM_Tension_state
 .bss.PWM_Speed
                0x20000cf2        0x2 src\main.o
                0x20000cf2                PWM_Speed
 .bss.PWM_Speed_Backup
                0x20000cf4        0x2 src\main.o
                0x20000cf4                PWM_Speed_Backup
 .bss.previous_PWM_Speed
                0x20000cf6        0x2 src\main.o
                0x20000cf6                previous_PWM_Speed
 .bss.PWM_tension
                0x20000cf8        0x2 src\main.o
                0x20000cf8                PWM_tension
 *fill*         0x20000cfa        0x2 
 .bss.tension_cmd
                0x20000cfc        0x4 src\main.o
 .bss.__malloc_free_list
                0x20000d00        0x4 c:/program files (x86)/atollic/truestudio for stm32 9.3.0/armtools/bin/../lib/gcc/arm-atollic-eabi/6.3.1/../../../../arm-atollic-eabi/lib/armv7-m\libc_nano.a(lib_a-nano-mallocr.o)
                0x20000d00                __malloc_free_list
 .bss.__malloc_sbrk_start
                0x20000d04        0x4 c:/program files (x86)/atollic/truestudio for stm32 9.3.0/armtools/bin/../lib/gcc/arm-atollic-eabi/6.3.1/../../../../arm-atollic-eabi/lib/armv7-m\libc_nano.a(lib_a-nano-mallocr.o)
                0x20000d04                __malloc_sbrk_start
 .bss.heap_end.4116
                0x20000d08        0x4 c:/program files (x86)/atollic/truestudio for stm32 9.3.0/armtools/bin/../lib/gcc/arm-atollic-eabi/6.3.1/../../../../arm-atollic-eabi/lib/armv7-m\libnosys.a(sbrk.o)
 *(COMMON)
 COMMON         0x20000d0c      0x400 src\klever_src\GLCD.o
                0x20000d0c                glcd_buff
 COMMON         0x2000110c       0x10 src\klever_src\K_RCC\K_RCC.o
                0x2000110c                K_CLOCK_CONTROL_STRUCT
 COMMON         0x2000111c       0x24 src\klever_src\lcd_menu\Keyboard.o
                0x2000111c                yellow_b_sm
                0x20001124                keys_state_now
                0x20001125                keys_state_backward
                0x20001128                red_b_sm
                0x20001130                blue_b_sm
                0x20001138                green_b_sm
 COMMON         0x20001140       0x10 src\klever_src\lcd_menu\screen.o
                0x20001140                screen_state
                0x20001144                upd_counter
                0x20001148                upd_interval
                0x2000114c                CURRENT_ITEM
 COMMON         0x20001150     0x2a35 src\klever_src\log.o
                0x20001150                log_array
                0x20003b80                log_array_index
                0x20003b84                log_array_ptr
 *fill*         0x20003b85        0x3 
 COMMON         0x20003b88       0x3c src\klever_src\main_sm.o
                0x20003b88                mode_lazy_pid_struct
                0x20003ba8                mode_puls_struct
 COMMON         0x20003bc4       0x2d src\klever_src\pid.o
                0x20003bc4                Ki
                0x20003bc8                current_time
                0x20003bcc                next_PID_step
                0x20003bd0                Eprev
                0x20003bd4                next_measuring
                0x20003bd8                next_action
                0x20003bdc                Kd
                0x20003be0                E
                0x20003be4                I
                0x20003be8                Kp
                0x20003bec                U
                0x20003bf0                PID_step
 *fill*         0x20003bf1        0x3 
 COMMON         0x20003bf4        0x8 src\klever_src\usart.o
                0x20003bf4                usart_buff_index
                0x20003bf8                usart_buff
 COMMON         0x20003bfc        0x4 c:/program files (x86)/atollic/truestudio for stm32 9.3.0/armtools/bin/../lib/gcc/arm-atollic-eabi/6.3.1/../../../../arm-atollic-eabi/lib/armv7-m\libc_nano.a(lib_a-reent.o)
                0x20003bfc                errno
                0x20003c00                . = ALIGN (0x4)
                0x20003c00                _ebss = .
                0x20003c00                __bss_end__ = _ebss

._user_heap_stack
                0x20003c00      0x200 load address 0x08009140
                0x20003c00                . = ALIGN (0x4)
                0x20003c00                PROVIDE (end, .)
                [!provide]                PROVIDE (_end, .)
                0x20003c00                . = (. + _Min_Heap_Size)
                0x20003e00                . = (. + _Min_Stack_Size)
 *fill*         0x20003c00      0x200 
                0x20003e00                . = ALIGN (0x4)

.memory_b1_text
 *(.mb1text)
 *(.mb1text*)
 *(.mb1rodata)
 *(.mb1rodata*)

/DISCARD/
 libc.a(*)
 libm.a(*)
 libgcc.a(*)

.ARM.attributes
                0x00000000       0x29
 *(.ARM.attributes)
 .ARM.attributes
                0x00000000       0x1d c:/program files (x86)/atollic/truestudio for stm32 9.3.0/armtools/bin/../lib/gcc/arm-atollic-eabi/6.3.1/armv7-m/crti.o
 .ARM.attributes
                0x0000001d       0x2d c:/program files (x86)/atollic/truestudio for stm32 9.3.0/armtools/bin/../lib/gcc/arm-atollic-eabi/6.3.1/armv7-m/crtbegin.o
 .ARM.attributes
                0x0000004a       0x33 src\klever_src\ADC.o
 .ARM.attributes
                0x0000007d       0x33 src\klever_src\GLCD.o
 .ARM.attributes
                0x000000b0       0x33 src\klever_src\GPIO.o
 .ARM.attributes
                0x000000e3       0x33 src\klever_src\I2C.o
 .ARM.attributes
                0x00000116       0x33 src\klever_src\K_RCC\K_RCC.o
 .ARM.attributes
                0x00000149       0x33 src\klever_src\MEM.o
 .ARM.attributes
                0x0000017c       0x33 src\klever_src\PWM.o
 .ARM.attributes
                0x000001af       0x33 src\klever_src\RTC.o
 .ARM.attributes
                0x000001e2       0x33 src\klever_src\TIM.o
 .ARM.attributes
                0x00000215       0x33 src\klever_src\lcd_menu\Keyboard.o
 .ARM.attributes
                0x00000248       0x33 src\klever_src\lcd_menu\menu_callback.o
 .ARM.attributes
                0x0000027b       0x33 src\klever_src\lcd_menu\menu_init.o
 .ARM.attributes
                0x000002ae       0x33 src\klever_src\lcd_menu\screen.o
 .ARM.attributes
                0x000002e1       0x33 src\klever_src\log.o
 .ARM.attributes
                0x00000314       0x33 src\klever_src\main_sm.o
 .ARM.attributes
                0x00000347       0x33 src\klever_src\modbus.o
 .ARM.attributes
                0x0000037a       0x33 src\klever_src\pid.o
 .ARM.attributes
                0x000003ad       0x33 src\klever_src\usart.o
 .ARM.attributes
                0x000003e0       0x33 src\main.o
 .ARM.attributes
                0x00000413       0x21 src\startup_stm32f10x_cl.o
 .ARM.attributes
                0x00000434       0x33 src\system_stm32f10x.o
 .ARM.attributes
                0x00000467       0x2d c:/program files (x86)/atollic/truestudio for stm32 9.3.0/armtools/bin/../lib/gcc/arm-atollic-eabi/6.3.1/../../../../arm-atollic-eabi/lib/armv7-m\libc_nano.a(lib_a-init.o)
 .ARM.attributes
                0x00000494       0x2d c:/program files (x86)/atollic/truestudio for stm32 9.3.0/armtools/bin/../lib/gcc/arm-atollic-eabi/6.3.1/../../../../arm-atollic-eabi/lib/armv7-m\libc_nano.a(lib_a-sprintf.o)
 .ARM.attributes
                0x000004c1       0x2d c:/program files (x86)/atollic/truestudio for stm32 9.3.0/armtools/bin/../lib/gcc/arm-atollic-eabi/6.3.1/../../../../arm-atollic-eabi/lib/armv7-m\libc_nano.a(lib_a-strcpy.o)
 .ARM.attributes
                0x000004ee       0x2d c:/program files (x86)/atollic/truestudio for stm32 9.3.0/armtools/bin/../lib/gcc/arm-atollic-eabi/6.3.1/../../../../arm-atollic-eabi/lib/armv7-m\libc_nano.a(lib_a-impure.o)
 .ARM.attributes
                0x0000051b       0x2d c:/program files (x86)/atollic/truestudio for stm32 9.3.0/armtools/bin/../lib/gcc/arm-atollic-eabi/6.3.1/../../../../arm-atollic-eabi/lib/armv7-m\libc_nano.a(lib_a-nano-svfprintf.o)
 .ARM.attributes
                0x00000548       0x2d c:/program files (x86)/atollic/truestudio for stm32 9.3.0/armtools/bin/../lib/gcc/arm-atollic-eabi/6.3.1/../../../../arm-atollic-eabi/lib/armv7-m\libc_nano.a(lib_a-nano-vfprintf_i.o)
 .ARM.attributes
                0x00000575       0x2d c:/program files (x86)/atollic/truestudio for stm32 9.3.0/armtools/bin/../lib/gcc/arm-atollic-eabi/6.3.1/../../../../arm-atollic-eabi/lib/armv7-m\libc_nano.a(lib_a-memchr-stub.o)
 .ARM.attributes
                0x000005a2       0x2d c:/program files (x86)/atollic/truestudio for stm32 9.3.0/armtools/bin/../lib/gcc/arm-atollic-eabi/6.3.1/../../../../arm-atollic-eabi/lib/armv7-m\libc_nano.a(lib_a-memcpy-stub.o)
 .ARM.attributes
                0x000005cf       0x2d c:/program files (x86)/atollic/truestudio for stm32 9.3.0/armtools/bin/../lib/gcc/arm-atollic-eabi/6.3.1/../../../../arm-atollic-eabi/lib/armv7-m\libc_nano.a(lib_a-memmove.o)
 .ARM.attributes
                0x000005fc       0x2d c:/program files (x86)/atollic/truestudio for stm32 9.3.0/armtools/bin/../lib/gcc/arm-atollic-eabi/6.3.1/../../../../arm-atollic-eabi/lib/armv7-m\libc_nano.a(lib_a-nano-freer.o)
 .ARM.attributes
                0x00000629       0x2d c:/program files (x86)/atollic/truestudio for stm32 9.3.0/armtools/bin/../lib/gcc/arm-atollic-eabi/6.3.1/../../../../arm-atollic-eabi/lib/armv7-m\libc_nano.a(lib_a-nano-mallocr.o)
 .ARM.attributes
                0x00000656       0x2d c:/program files (x86)/atollic/truestudio for stm32 9.3.0/armtools/bin/../lib/gcc/arm-atollic-eabi/6.3.1/../../../../arm-atollic-eabi/lib/armv7-m\libc_nano.a(lib_a-nano-reallocr.o)
 .ARM.attributes
                0x00000683       0x2d c:/program files (x86)/atollic/truestudio for stm32 9.3.0/armtools/bin/../lib/gcc/arm-atollic-eabi/6.3.1/../../../../arm-atollic-eabi/lib/armv7-m\libc_nano.a(lib_a-sbrkr.o)
 .ARM.attributes
                0x000006b0       0x2d c:/program files (x86)/atollic/truestudio for stm32 9.3.0/armtools/bin/../lib/gcc/arm-atollic-eabi/6.3.1/../../../../arm-atollic-eabi/lib/armv7-m\libc_nano.a(lib_a-mlock.o)
 .ARM.attributes
                0x000006dd       0x2d c:/program files (x86)/atollic/truestudio for stm32 9.3.0/armtools/bin/../lib/gcc/arm-atollic-eabi/6.3.1/../../../../arm-atollic-eabi/lib/armv7-m\libc_nano.a(lib_a-nano-msizer.o)
 .ARM.attributes
                0x0000070a       0x2d c:/program files (x86)/atollic/truestudio for stm32 9.3.0/armtools/bin/../lib/gcc/arm-atollic-eabi/6.3.1/../../../../arm-atollic-eabi/lib/armv7-m\libc_nano.a(lib_a-reent.o)
 .ARM.attributes
                0x00000737       0x1d c:/program files (x86)/atollic/truestudio for stm32 9.3.0/armtools/bin/../lib/gcc/arm-atollic-eabi/6.3.1/armv7-m\libgcc.a(_arm_addsubdf3.o)
 .ARM.attributes
                0x00000754       0x1d c:/program files (x86)/atollic/truestudio for stm32 9.3.0/armtools/bin/../lib/gcc/arm-atollic-eabi/6.3.1/armv7-m\libgcc.a(_arm_muldivdf3.o)
 .ARM.attributes
                0x00000771       0x1d c:/program files (x86)/atollic/truestudio for stm32 9.3.0/armtools/bin/../lib/gcc/arm-atollic-eabi/6.3.1/armv7-m\libgcc.a(_arm_truncdfsf2.o)
 .ARM.attributes
                0x0000078e       0x1d c:/program files (x86)/atollic/truestudio for stm32 9.3.0/armtools/bin/../lib/gcc/arm-atollic-eabi/6.3.1/armv7-m\libgcc.a(_arm_addsubsf3.o)
 .ARM.attributes
                0x000007ab       0x1d c:/program files (x86)/atollic/truestudio for stm32 9.3.0/armtools/bin/../lib/gcc/arm-atollic-eabi/6.3.1/armv7-m\libgcc.a(_arm_muldivsf3.o)
 .ARM.attributes
                0x000007c8       0x1d c:/program files (x86)/atollic/truestudio for stm32 9.3.0/armtools/bin/../lib/gcc/arm-atollic-eabi/6.3.1/armv7-m\libgcc.a(_arm_cmpsf2.o)
 .ARM.attributes
                0x000007e5       0x1d c:/program files (x86)/atollic/truestudio for stm32 9.3.0/armtools/bin/../lib/gcc/arm-atollic-eabi/6.3.1/armv7-m\libgcc.a(_arm_fixsfsi.o)
 .ARM.attributes
                0x00000802       0x1d c:/program files (x86)/atollic/truestudio for stm32 9.3.0/armtools/bin/../lib/gcc/arm-atollic-eabi/6.3.1/armv7-m\libgcc.a(_aeabi_uldivmod.o)
 .ARM.attributes
                0x0000081f       0x2d c:/program files (x86)/atollic/truestudio for stm32 9.3.0/armtools/bin/../lib/gcc/arm-atollic-eabi/6.3.1/armv7-m\libgcc.a(_udivmoddi4.o)
 .ARM.attributes
                0x0000084c       0x1d c:/program files (x86)/atollic/truestudio for stm32 9.3.0/armtools/bin/../lib/gcc/arm-atollic-eabi/6.3.1/armv7-m\libgcc.a(_dvmd_tls.o)
 .ARM.attributes
                0x00000869       0x2d c:/program files (x86)/atollic/truestudio for stm32 9.3.0/armtools/bin/../lib/gcc/arm-atollic-eabi/6.3.1/../../../../arm-atollic-eabi/lib/armv7-m\libnosys.a(sbrk.o)
 .ARM.attributes
                0x00000896       0x1d c:/program files (x86)/atollic/truestudio for stm32 9.3.0/armtools/bin/../lib/gcc/arm-atollic-eabi/6.3.1/armv7-m/crtn.o
OUTPUT(FirstPrj.elf elf32-littlearm)

.debug_info     0x00000000     0xa447
 .debug_info    0x00000000      0x32a src\klever_src\ADC.o
 .debug_info    0x0000032a      0x792 src\klever_src\GLCD.o
 .debug_info    0x00000abc      0x2fb src\klever_src\GPIO.o
 .debug_info    0x00000db7      0x4e4 src\klever_src\I2C.o
 .debug_info    0x0000129b      0x4b6 src\klever_src\K_RCC\K_RCC.o
 .debug_info    0x00001751      0x270 src\klever_src\MEM.o
 .debug_info    0x000019c1      0x728 src\klever_src\PWM.o
 .debug_info    0x000020e9      0x5b9 src\klever_src\RTC.o
 .debug_info    0x000026a2      0x120 src\klever_src\TIM.o
 .debug_info    0x000027c2      0xd18 src\klever_src\lcd_menu\Keyboard.o
 .debug_info    0x000034da     0x1271 src\klever_src\lcd_menu\menu_callback.o
 .debug_info    0x0000474b      0xb5e src\klever_src\lcd_menu\menu_init.o
 .debug_info    0x000052a9      0xfe4 src\klever_src\lcd_menu\screen.o
 .debug_info    0x0000628d      0xb68 src\klever_src\log.o
 .debug_info    0x00006df5      0x2c6 src\klever_src\main_sm.o
 .debug_info    0x000070bb      0x296 src\klever_src\modbus.o
 .debug_info    0x00007351      0xc61 src\klever_src\pid.o
 .debug_info    0x00007fb2      0x753 src\klever_src\usart.o
 .debug_info    0x00008705     0x17ba src\main.o
 .debug_info    0x00009ebf       0x8b src\startup_stm32f10x_cl.o
 .debug_info    0x00009f4a      0x4fd src\system_stm32f10x.o

.debug_abbrev   0x00000000     0x21e5
 .debug_abbrev  0x00000000      0x102 src\klever_src\ADC.o
 .debug_abbrev  0x00000102      0x1e7 src\klever_src\GLCD.o
 .debug_abbrev  0x000002e9      0x101 src\klever_src\GPIO.o
 .debug_abbrev  0x000003ea      0x1b5 src\klever_src\I2C.o
 .debug_abbrev  0x0000059f      0x175 src\klever_src\K_RCC\K_RCC.o
 .debug_abbrev  0x00000714      0x113 src\klever_src\MEM.o
 .debug_abbrev  0x00000827      0x17f src\klever_src\PWM.o
 .debug_abbrev  0x000009a6      0x18d src\klever_src\RTC.o
 .debug_abbrev  0x00000b33       0xb7 src\klever_src\TIM.o
 .debug_abbrev  0x00000bea      0x241 src\klever_src\lcd_menu\Keyboard.o
 .debug_abbrev  0x00000e2b      0x29b src\klever_src\lcd_menu\menu_callback.o
 .debug_abbrev  0x000010c6      0x1a6 src\klever_src\lcd_menu\menu_init.o
 .debug_abbrev  0x0000126c      0x282 src\klever_src\lcd_menu\screen.o
 .debug_abbrev  0x000014ee      0x229 src\klever_src\log.o
 .debug_abbrev  0x00001717       0xed src\klever_src\main_sm.o
 .debug_abbrev  0x00001804      0x113 src\klever_src\modbus.o
 .debug_abbrev  0x00001917      0x252 src\klever_src\pid.o
 .debug_abbrev  0x00001b69      0x1ba src\klever_src\usart.o
 .debug_abbrev  0x00001d23      0x342 src\main.o
 .debug_abbrev  0x00002065       0x12 src\startup_stm32f10x_cl.o
 .debug_abbrev  0x00002077      0x16e src\system_stm32f10x.o

.debug_aranges  0x00000000      0x948
 .debug_aranges
                0x00000000       0x30 src\klever_src\ADC.o
 .debug_aranges
                0x00000030       0x90 src\klever_src\GLCD.o
 .debug_aranges
                0x000000c0       0x58 src\klever_src\GPIO.o
 .debug_aranges
                0x00000118       0x58 src\klever_src\I2C.o
 .debug_aranges
                0x00000170       0x68 src\klever_src\K_RCC\K_RCC.o
 .debug_aranges
                0x000001d8       0x48 src\klever_src\MEM.o
 .debug_aranges
                0x00000220       0x40 src\klever_src\PWM.o
 .debug_aranges
                0x00000260       0x58 src\klever_src\RTC.o
 .debug_aranges
                0x000002b8       0x20 src\klever_src\TIM.o
 .debug_aranges
                0x000002d8       0xc8 src\klever_src\lcd_menu\Keyboard.o
 .debug_aranges
                0x000003a0      0x240 src\klever_src\lcd_menu\menu_callback.o
 .debug_aranges
                0x000005e0       0x20 src\klever_src\lcd_menu\menu_init.o
 .debug_aranges
                0x00000600       0xb0 src\klever_src\lcd_menu\screen.o
 .debug_aranges
                0x000006b0       0x40 src\klever_src\log.o
 .debug_aranges
                0x000006f0       0x38 src\klever_src\main_sm.o
 .debug_aranges
                0x00000728       0x50 src\klever_src\modbus.o
 .debug_aranges
                0x00000778       0x68 src\klever_src\pid.o
 .debug_aranges
                0x000007e0       0x58 src\klever_src\usart.o
 .debug_aranges
                0x00000838       0xb0 src\main.o
 .debug_aranges
                0x000008e8       0x28 src\startup_stm32f10x_cl.o
 .debug_aranges
                0x00000910       0x38 src\system_stm32f10x.o

.debug_ranges   0x00000000      0x820
 .debug_ranges  0x00000000       0x20 src\klever_src\ADC.o
 .debug_ranges  0x00000020       0xa0 src\klever_src\GLCD.o
 .debug_ranges  0x000000c0       0x48 src\klever_src\GPIO.o
 .debug_ranges  0x00000108       0x48 src\klever_src\I2C.o
 .debug_ranges  0x00000150       0x58 src\klever_src\K_RCC\K_RCC.o
 .debug_ranges  0x000001a8       0x38 src\klever_src\MEM.o
 .debug_ranges  0x000001e0       0x30 src\klever_src\PWM.o
 .debug_ranges  0x00000210       0x48 src\klever_src\RTC.o
 .debug_ranges  0x00000258       0x10 src\klever_src\TIM.o
 .debug_ranges  0x00000268       0xb8 src\klever_src\lcd_menu\Keyboard.o
 .debug_ranges  0x00000320      0x230 src\klever_src\lcd_menu\menu_callback.o
 .debug_ranges  0x00000550       0x10 src\klever_src\lcd_menu\menu_init.o
 .debug_ranges  0x00000560       0xa0 src\klever_src\lcd_menu\screen.o
 .debug_ranges  0x00000600       0x30 src\klever_src\log.o
 .debug_ranges  0x00000630       0x28 src\klever_src\main_sm.o
 .debug_ranges  0x00000658       0x40 src\klever_src\modbus.o
 .debug_ranges  0x00000698       0x58 src\klever_src\pid.o
 .debug_ranges  0x000006f0       0x48 src\klever_src\usart.o
 .debug_ranges  0x00000738       0xa0 src\main.o
 .debug_ranges  0x000007d8       0x20 src\startup_stm32f10x_cl.o
 .debug_ranges  0x000007f8       0x28 src\system_stm32f10x.o

.debug_line     0x00000000     0x4026
 .debug_line    0x00000000      0x20e src\klever_src\ADC.o
 .debug_line    0x0000020e      0x43e src\klever_src\GLCD.o
 .debug_line    0x0000064c      0x250 src\klever_src\GPIO.o
 .debug_line    0x0000089c      0x33b src\klever_src\I2C.o
 .debug_line    0x00000bd7      0x3fc src\klever_src\K_RCC\K_RCC.o
 .debug_line    0x00000fd3      0x207 src\klever_src\MEM.o
 .debug_line    0x000011da      0x21f src\klever_src\PWM.o
 .debug_line    0x000013f9      0x292 src\klever_src\RTC.o
 .debug_line    0x0000168b      0x19e src\klever_src\TIM.o
 .debug_line    0x00001829      0x477 src\klever_src\lcd_menu\Keyboard.o
 .debug_line    0x00001ca0      0x838 src\klever_src\lcd_menu\menu_callback.o
 .debug_line    0x000024d8      0x268 src\klever_src\lcd_menu\menu_init.o
 .debug_line    0x00002740      0x3fe src\klever_src\lcd_menu\screen.o
 .debug_line    0x00002b3e      0x26f src\klever_src\log.o
 .debug_line    0x00002dad      0x1a5 src\klever_src\main_sm.o
 .debug_line    0x00002f52      0x1fa src\klever_src\modbus.o
 .debug_line    0x0000314c      0x399 src\klever_src\pid.o
 .debug_line    0x000034e5      0x280 src\klever_src\usart.o
 .debug_line    0x00003765      0x5e9 src\main.o
 .debug_line    0x00003d4e       0x7e src\startup_stm32f10x_cl.o
 .debug_line    0x00003dcc      0x25a src\system_stm32f10x.o

.debug_str      0x00000000     0x2a9f
 .debug_str     0x00000000      0x274 src\klever_src\ADC.o
                                0x2d4 (size before relaxing)
 .debug_str     0x00000274      0x231 src\klever_src\GLCD.o
                                0x48f (size before relaxing)
 .debug_str     0x000004a5       0xab src\klever_src\GPIO.o
                                0x2ef (size before relaxing)
 .debug_str     0x00000550      0x101 src\klever_src\I2C.o
                                0x3ac (size before relaxing)
 .debug_str     0x00000651      0x1cf src\klever_src\K_RCC\K_RCC.o
                                0x40b (size before relaxing)
 .debug_str     0x00000820       0x75 src\klever_src\MEM.o
                                0x293 (size before relaxing)
 .debug_str     0x00000895      0x4fa src\klever_src\PWM.o
                                0x789 (size before relaxing)
 .debug_str     0x00000d8f      0x154 src\klever_src\RTC.o
                                0x422 (size before relaxing)
 .debug_str     0x00000ee3       0x42 src\klever_src\TIM.o
                                0x1ff (size before relaxing)
 .debug_str     0x00000f25      0x73d src\klever_src\lcd_menu\Keyboard.o
                                0x994 (size before relaxing)
 .debug_str     0x00001662      0x71b src\klever_src\lcd_menu\menu_callback.o
                                0xf64 (size before relaxing)
 .debug_str     0x00001d7d      0x19b src\klever_src\lcd_menu\menu_init.o
                                0x784 (size before relaxing)
 .debug_str     0x00001f18      0x200 src\klever_src\lcd_menu\screen.o
                                0x95c (size before relaxing)
 .debug_str     0x00002118      0x105 src\klever_src\log.o
                                0x792 (size before relaxing)
 .debug_str     0x0000221d       0x76 src\klever_src\main_sm.o
                                0x397 (size before relaxing)
 .debug_str     0x00002293       0x6b src\klever_src\modbus.o
                                0x262 (size before relaxing)
 .debug_str     0x000022fe      0x1b2 src\klever_src\pid.o
                                0x7bc (size before relaxing)
 .debug_str     0x000024b0       0xdc src\klever_src\usart.o
                                0x78e (size before relaxing)
 .debug_str     0x0000258c      0x3d8 src\main.o
                               0x106f (size before relaxing)
 .debug_str     0x00002964      0x13b src\system_stm32f10x.o
                                0x380 (size before relaxing)

.comment        0x00000000       0x7c
 .comment       0x00000000       0x7c src\klever_src\ADC.o
                                 0x7d (size before relaxing)
 .comment       0x0000007c       0x7d src\klever_src\GLCD.o
 .comment       0x0000007c       0x7d src\klever_src\GPIO.o
 .comment       0x0000007c       0x7d src\klever_src\I2C.o
 .comment       0x0000007c       0x7d src\klever_src\K_RCC\K_RCC.o
 .comment       0x0000007c       0x7d src\klever_src\MEM.o
 .comment       0x0000007c       0x7d src\klever_src\PWM.o
 .comment       0x0000007c       0x7d src\klever_src\RTC.o
 .comment       0x0000007c       0x7d src\klever_src\TIM.o
 .comment       0x0000007c       0x7d src\klever_src\lcd_menu\Keyboard.o
 .comment       0x0000007c       0x7d src\klever_src\lcd_menu\menu_callback.o
 .comment       0x0000007c       0x7d src\klever_src\lcd_menu\menu_init.o
 .comment       0x0000007c       0x7d src\klever_src\lcd_menu\screen.o
 .comment       0x0000007c       0x7d src\klever_src\log.o
 .comment       0x0000007c       0x7d src\klever_src\main_sm.o
 .comment       0x0000007c       0x7d src\klever_src\modbus.o
 .comment       0x0000007c       0x7d src\klever_src\pid.o
 .comment       0x0000007c       0x7d src\klever_src\usart.o
 .comment       0x0000007c       0x7d src\main.o
 .comment       0x0000007c       0x7d src\system_stm32f10x.o

.debug_frame    0x00000000     0x2724
 .debug_frame   0x00000000       0x7c src\klever_src\ADC.o
 .debug_frame   0x0000007c      0x23c src\klever_src\GLCD.o
 .debug_frame   0x000002b8      0x100 src\klever_src\GPIO.o
 .debug_frame   0x000003b8      0x124 src\klever_src\I2C.o
 .debug_frame   0x000004dc      0x184 src\klever_src\K_RCC\K_RCC.o
 .debug_frame   0x00000660       0xe0 src\klever_src\MEM.o
 .debug_frame   0x00000740       0xbc src\klever_src\PWM.o
 .debug_frame   0x000007fc      0x138 src\klever_src\RTC.o
 .debug_frame   0x00000934       0x30 src\klever_src\TIM.o
 .debug_frame   0x00000964      0x2f8 src\klever_src\lcd_menu\Keyboard.o
 .debug_frame   0x00000c5c      0x8d8 src\klever_src\lcd_menu\menu_callback.o
 .debug_frame   0x00001534       0x38 src\klever_src\lcd_menu\menu_init.o
 .debug_frame   0x0000156c      0x2c4 src\klever_src\lcd_menu\screen.o
 .debug_frame   0x00001830       0xe4 src\klever_src\log.o
 .debug_frame   0x00001914       0xa0 src\klever_src\main_sm.o
 .debug_frame   0x000019b4      0x114 src\klever_src\modbus.o
 .debug_frame   0x00001ac8      0x194 src\klever_src\pid.o
 .debug_frame   0x00001c5c      0x118 src\klever_src\usart.o
 .debug_frame   0x00001d74      0x26c src\main.o
 .debug_frame   0x00001fe0       0x98 src\system_stm32f10x.o
 .debug_frame   0x00002078       0x2c c:/program files (x86)/atollic/truestudio for stm32 9.3.0/armtools/bin/../lib/gcc/arm-atollic-eabi/6.3.1/../../../../arm-atollic-eabi/lib/armv7-m\libc_nano.a(lib_a-init.o)
 .debug_frame   0x000020a4       0x70 c:/program files (x86)/atollic/truestudio for stm32 9.3.0/armtools/bin/../lib/gcc/arm-atollic-eabi/6.3.1/../../../../arm-atollic-eabi/lib/armv7-m\libc_nano.a(lib_a-sprintf.o)
 .debug_frame   0x00002114       0x20 c:/program files (x86)/atollic/truestudio for stm32 9.3.0/armtools/bin/../lib/gcc/arm-atollic-eabi/6.3.1/../../../../arm-atollic-eabi/lib/armv7-m\libc_nano.a(lib_a-strcpy.o)
 .debug_frame   0x00002134       0x90 c:/program files (x86)/atollic/truestudio for stm32 9.3.0/armtools/bin/../lib/gcc/arm-atollic-eabi/6.3.1/../../../../arm-atollic-eabi/lib/armv7-m\libc_nano.a(lib_a-nano-svfprintf.o)
 .debug_frame   0x000021c4       0x60 c:/program files (x86)/atollic/truestudio for stm32 9.3.0/armtools/bin/../lib/gcc/arm-atollic-eabi/6.3.1/../../../../arm-atollic-eabi/lib/armv7-m\libc_nano.a(lib_a-nano-vfprintf_i.o)
 .debug_frame   0x00002224       0x28 c:/program files (x86)/atollic/truestudio for stm32 9.3.0/armtools/bin/../lib/gcc/arm-atollic-eabi/6.3.1/../../../../arm-atollic-eabi/lib/armv7-m\libc_nano.a(lib_a-memchr-stub.o)
 .debug_frame   0x0000224c       0x28 c:/program files (x86)/atollic/truestudio for stm32 9.3.0/armtools/bin/../lib/gcc/arm-atollic-eabi/6.3.1/../../../../arm-atollic-eabi/lib/armv7-m\libc_nano.a(lib_a-memcpy-stub.o)
 .debug_frame   0x00002274       0x28 c:/program files (x86)/atollic/truestudio for stm32 9.3.0/armtools/bin/../lib/gcc/arm-atollic-eabi/6.3.1/../../../../arm-atollic-eabi/lib/armv7-m\libc_nano.a(lib_a-memmove.o)
 .debug_frame   0x0000229c       0x38 c:/program files (x86)/atollic/truestudio for stm32 9.3.0/armtools/bin/../lib/gcc/arm-atollic-eabi/6.3.1/../../../../arm-atollic-eabi/lib/armv7-m\libc_nano.a(lib_a-nano-freer.o)
 .debug_frame   0x000022d4       0x2c c:/program files (x86)/atollic/truestudio for stm32 9.3.0/armtools/bin/../lib/gcc/arm-atollic-eabi/6.3.1/../../../../arm-atollic-eabi/lib/armv7-m\libc_nano.a(lib_a-nano-mallocr.o)
 .debug_frame   0x00002300       0x3c c:/program files (x86)/atollic/truestudio for stm32 9.3.0/armtools/bin/../lib/gcc/arm-atollic-eabi/6.3.1/../../../../arm-atollic-eabi/lib/armv7-m\libc_nano.a(lib_a-nano-reallocr.o)
 .debug_frame   0x0000233c       0x2c c:/program files (x86)/atollic/truestudio for stm32 9.3.0/armtools/bin/../lib/gcc/arm-atollic-eabi/6.3.1/../../../../arm-atollic-eabi/lib/armv7-m\libc_nano.a(lib_a-sbrkr.o)
 .debug_frame   0x00002368       0x30 c:/program files (x86)/atollic/truestudio for stm32 9.3.0/armtools/bin/../lib/gcc/arm-atollic-eabi/6.3.1/../../../../arm-atollic-eabi/lib/armv7-m\libc_nano.a(lib_a-mlock.o)
 .debug_frame   0x00002398       0x20 c:/program files (x86)/atollic/truestudio for stm32 9.3.0/armtools/bin/../lib/gcc/arm-atollic-eabi/6.3.1/../../../../arm-atollic-eabi/lib/armv7-m\libc_nano.a(lib_a-nano-msizer.o)
 .debug_frame   0x000023b8       0x5c c:/program files (x86)/atollic/truestudio for stm32 9.3.0/armtools/bin/../lib/gcc/arm-atollic-eabi/6.3.1/../../../../arm-atollic-eabi/lib/armv7-m\libc_nano.a(lib_a-reent.o)
 .debug_frame   0x00002414       0xac c:/program files (x86)/atollic/truestudio for stm32 9.3.0/armtools/bin/../lib/gcc/arm-atollic-eabi/6.3.1/armv7-m\libgcc.a(_arm_addsubdf3.o)
 .debug_frame   0x000024c0       0x50 c:/program files (x86)/atollic/truestudio for stm32 9.3.0/armtools/bin/../lib/gcc/arm-atollic-eabi/6.3.1/armv7-m\libgcc.a(_arm_muldivdf3.o)
 .debug_frame   0x00002510       0x24 c:/program files (x86)/atollic/truestudio for stm32 9.3.0/armtools/bin/../lib/gcc/arm-atollic-eabi/6.3.1/armv7-m\libgcc.a(_arm_truncdfsf2.o)
 .debug_frame   0x00002534       0x4c c:/program files (x86)/atollic/truestudio for stm32 9.3.0/armtools/bin/../lib/gcc/arm-atollic-eabi/6.3.1/armv7-m\libgcc.a(_arm_addsubsf3.o)
 .debug_frame   0x00002580       0x38 c:/program files (x86)/atollic/truestudio for stm32 9.3.0/armtools/bin/../lib/gcc/arm-atollic-eabi/6.3.1/armv7-m\libgcc.a(_arm_muldivsf3.o)
 .debug_frame   0x000025b8       0xc8 c:/program files (x86)/atollic/truestudio for stm32 9.3.0/armtools/bin/../lib/gcc/arm-atollic-eabi/6.3.1/armv7-m\libgcc.a(_arm_cmpsf2.o)
 .debug_frame   0x00002680       0x24 c:/program files (x86)/atollic/truestudio for stm32 9.3.0/armtools/bin/../lib/gcc/arm-atollic-eabi/6.3.1/armv7-m\libgcc.a(_arm_fixsfsi.o)
 .debug_frame   0x000026a4       0x2c c:/program files (x86)/atollic/truestudio for stm32 9.3.0/armtools/bin/../lib/gcc/arm-atollic-eabi/6.3.1/armv7-m\libgcc.a(_aeabi_uldivmod.o)
 .debug_frame   0x000026d0       0x34 c:/program files (x86)/atollic/truestudio for stm32 9.3.0/armtools/bin/../lib/gcc/arm-atollic-eabi/6.3.1/armv7-m\libgcc.a(_udivmoddi4.o)
 .debug_frame   0x00002704       0x20 c:/program files (x86)/atollic/truestudio for stm32 9.3.0/armtools/bin/../lib/gcc/arm-atollic-eabi/6.3.1/../../../../arm-atollic-eabi/lib/armv7-m\libnosys.a(sbrk.o)

Cross Reference Table

Symbol                                            File
A0_raw                                            src\main.o
A1_raw                                            src\main.o
A2_raw                                            src\main.o
A3_raw                                            src\main.o
ADC1_2_IRQHandler                                 src\startup_stm32f10x_cl.o
ADC_Init                                          src\klever_src\ADC.o
                                                  src\main.o
ADC_ch                                            src\main.o
ADC_delays                                        src\klever_src\ADC.o
ADC_read                                          src\klever_src\ADC.o
ADC_state                                         src\main.o
ADC_work                                          src\main.o
AHBPrescTable                                     src\system_stm32f10x.o
BDCR_Init                                         src\klever_src\MEM.o
                                                  src\main.o
BDCR_Lock                                         src\klever_src\MEM.o
                                                  src\main.o
                                                  src\klever_src\lcd_menu\menu_callback.o
BDCR_Read_Word                                    src\klever_src\MEM.o
                                                  src\main.o
BDCR_Reset                                        src\klever_src\MEM.o
BDCR_UnLock                                       src\klever_src\MEM.o
                                                  src\main.o
                                                  src\klever_src\lcd_menu\menu_callback.o
BDCR_Write_Word                                   src\klever_src\MEM.o
                                                  src\klever_src\lcd_menu\menu_callback.o
BusFault_Handler                                  src\startup_stm32f10x_cl.o
CAN1_RX0_IRQHandler                               src\startup_stm32f10x_cl.o
CAN1_RX1_IRQHandler                               src\startup_stm32f10x_cl.o
CAN1_SCE_IRQHandler                               src\startup_stm32f10x_cl.o
CAN1_TX_IRQHandler                                src\startup_stm32f10x_cl.o
CAN2_RX0_IRQHandler                               src\startup_stm32f10x_cl.o
CAN2_RX1_IRQHandler                               src\startup_stm32f10x_cl.o
CAN2_SCE_IRQHandler                               src\startup_stm32f10x_cl.o
CAN2_TX_IRQHandler                                src\startup_stm32f10x_cl.o
CURRENT_ITEM                                      src\klever_src\lcd_menu\screen.o