Keyboard.c:40:6:delay_us_KEYBOARD	24	static
Keyboard.c:52:6:initKeyboard	4	static
Keyboard.c:60:6:scanKey	16	static
Keyboard.c:78:12:stMachineWork	24	static
Keyboard.c:126:6:clickSetOfButtons	16	static
Keyboard.c:150:6:keyboadrWork	24	static
Keyboard.c:198:6:keyscan_work	16	static
Keyboard.c:247:29:redButtonClickHandler	4	static
Keyboard.c:249:29:redButtonPressHandler	4	static
Keyboard.c:251:29:blueButtonClickHandler	4	static
Keyboard.c:253:29:blueButtonPressHandler	4	static
Keyboard.c:255:29:greenButtonClickHandler	4	static
Keyboard.c:257:29:greenButtonPressHandler	4	static
Keyboard.c:259:29:yellowButtonClickHandler	4	static
Keyboard.c:261:29:yellowButtonPressHandler	4	static
Keyboard.c:264:29:redGreenButtonClickHandler	4	static
Keyboard.c:266:29:redYellowButtonClickHandler	4	static
Keyboard.c:268:29:redBlueButtonClickHandler	4	static
Keyboard.c:271:29:yellowGreenButtonClickHandler	4	static
Keyboard.c:273:29:yellowBlueButtonClickHandler	4	static
Keyboard.c:275:29:greenBlueButtonClickHandler	4	static
Keyboard.c:278:29:threeButtonClickHandler	4	static
