menu_callback.c:52:6:show_yes_no	16	static
menu_callback.c:59:6:show_status	16	static
menu_callback.c:71:6:show_alarm	16	static
menu_callback.c:77:6:show_resurs	16	static
menu_callback.c:82:6:show_tenzo	16	static
menu_callback.c:86:6:show_log_state	16	static
menu_callback.c:89:6:show_save_state	16	static
menu_callback.c:101:6:show_cur_tension	16	static
menu_callback.c:105:6:show_mode	16	static
menu_callback.c:118:6:switch_log_state	8	static
menu_callback.c:129:6:show_log_state_yes_no	16	static
menu_callback.c:133:6:switch_save_state	8	static
menu_callback.c:147:6:show_save_state_yes_no	16	static
menu_callback.c:158:6:switch_default_state	8	static
menu_callback.c:174:6:show_default_state	16	static
menu_callback.c:185:6:switch_mode_not_reg_state	8	static
menu_callback.c:190:6:show_mode_not_reg_state	16	static
menu_callback.c:231:6:switch_mode_lazy_pid_state	8	static
menu_callback.c:239:6:show_mode_lazy_pid_state	16	static
menu_callback.c:246:6:validate_mode_lazy_pid_period	4	static
menu_callback.c:254:6:inc_mode_lazy_pid_period	8	static
menu_callback.c:258:6:dec_mode_lazy_pid_period	8	static
menu_callback.c:262:6:show_mode_lazy_pid_period	16	static
menu_callback.c:265:6:validate_mode_lazy_pid_value	4	static
menu_callback.c:273:6:inc_mode_lazy_pid_value	8	static
menu_callback.c:277:6:dec_mode_lazy_pid_value	8	static
menu_callback.c:281:6:show_mode_lazy_pid_value	16	static
menu_callback.c:285:6:validate_mode_lazy_pid_err	4	static
menu_callback.c:293:6:inc_mode_lazy_pid_err	8	static
menu_callback.c:297:6:dec_mode_lazy_pid_err	8	static
menu_callback.c:301:6:show_mode_lazy_pid_err	16	static
menu_callback.c:305:6:switch_mode_pid_state	8	static
menu_callback.c:313:6:show_mode_pid_state	16	static
menu_callback.c:320:6:inc_mode_pid_value	4	static
menu_callback.c:324:6:dec_mode_pid_value	4	static
menu_callback.c:328:6:show_mode_pid_value	16	static
menu_callback.c:332:6:switch_mode_puls_state	8	static
menu_callback.c:340:6:show_mode_puls_state	16	static
menu_callback.c:348:6:inc_mode_puls_from_value	4	static
menu_callback.c:353:6:dec_mode_puls_from_value	4	static
menu_callback.c:358:6:show_mode_puls_from_value	16	static
menu_callback.c:361:6:inc_mode_puls_to_value	4	static
menu_callback.c:366:6:dec_mode_puls_to_value	4	static
menu_callback.c:371:6:show_mode_puls_to_value	16	static
menu_callback.c:374:6:inc_mode_puls_period_value	4	static
menu_callback.c:379:6:dec_mode_puls_period_value	4	static
menu_callback.c:384:6:show_mode_puls_period_value	16	static
menu_callback.c:388:6:inc_freq	8	static
menu_callback.c:394:6:dec_freq	8	static
menu_callback.c:399:6:show_freq	16	static
menu_callback.c:405:6:inc_rope_tension_bottom_limit	4	static
menu_callback.c:409:6:dec_rope_tension_bottom_limit	4	static
menu_callback.c:414:6:show_rope_tension_bottom_limit	16	static
menu_callback.c:418:6:inc_rope_tension_up_limit	4	static
menu_callback.c:422:6:dec_rope_tension_up_limit	4	static
menu_callback.c:427:6:show_rope_tension_up_limit	16	static
menu_callback.c:430:6:show_up_limit_brackets	16	static
menu_callback.c:437:6:blueButtonClickHandler	8	static
menu_callback.c:441:6:yellowButtonClickHandler	8	static
menu_callback.c:447:6:redButtonClickHandler	8	static
menu_callback.c:461:6:greenButtonClickHandler	8	static
menu_callback.c:465:6:blueButtonPressHandler	8	static
menu_callback.c:469:6:yellowButtonPressHandler	8	static
menu_callback.c:473:6:redButtonPressHandler	8	static
menu_callback.c:477:6:greenButtonPressHandler	8	static
menu_callback.c:482:6:yellowBlueButtonClickHandler	8	static
menu_callback.c:495:6:redYellowButtonClickHandler	8	static
menu_callback.c:510:6:redBlueButtonClickHandler	8	static
menu_callback.c:514:6:threeButtonClickHandler	8	static
