screen.c:15:6:voidFunct	4	static
screen.c:18:6:voidFunct_c	16	static
screen.c:22:6:back_menu_calback	8	static
screen.c:33:6:initWindow	24	static
screen.c:40:6:insertItemToList	24	static
screen.c:60:6:initItemSubmenu	24	static
screen.c:87:6:initItemParameter	24	static
screen.c:114:6:initItemLabel	24	static
screen.c:139:12:initObj	24	static
screen.c:148:12:initObjChangeable	32	static
screen.c:152:12:initObjNotchangeable	24	static
screen.c:158:6:initScreen	16	static
screen.c:173:6:screenWork	4	static
screen.c:178:6:strLength	24	static
screen.c:183:6:updateScreen	48	static
screen.c:231:6:isSelectableItem	16	static
screen.c:242:22:findNextSelectableItem	24	static
screen.c:251:22:findPrewSelectableItem	24	static
screen.c:261:6:screenSM	16	static
