main.c:265:6:delay_us	24	static
main.c:279:6:delay_ms	16	static
main.c:290:6:ADC_work	4	static
main.c:348:6:enableRotation	8	static
main.c:358:6:disableRotation	8	static
main.c:369:6:generateError	8	static
main.c:381:6:generateErrorOfMotor	8	static
main.c:386:6:generateErrorOfLowTension	8	static
main.c:395:6:generateErrorOfHighTension	24	static
main.c:417:6:generateErrorOfUpLimit	8	static
main.c:424:6:generateErrorOfBottomLimit	8	static
main.c:431:6:shutdownErrorOfBottomLimit	4	static
main.c:435:6:shutdownErrorOfUpLimit	4	static
main.c:440:6:calculateTension	16	static
main.c:458:5:abs_k	16	static
main.c:471:6:SysTick_Handler	80	static
main.c:696:6:Read_BDCR	8	static
main.c:717:6:TIM3_IRQHandler	8	static
main.c:728:5:main	8	static
